<html>
<body>
<pre>
<h1>µVision Build Log</h1>
<h2>Tool Versions:</h2>
IDE-Version: µVision V5.27.0.0
Copyright (C) 2018 ARM Ltd and ARM Germany GmbH. All rights reserved.
License Information: Andrew Asuelime, self/student, LIC=J3C01-CBE9U-IW8J0-PEU3K-K0DQJ-A4N6D
 
Tool Versions:
Toolchain:       MDK-ARM Cortex-M0/M0+ 256K for ST  Version: 5.27.0.0
Toolchain Path:  C:\Keil_v5\ARM\ARMCC\Bin
C Compiler:      Armcc.exe V5.06 update 6 (build 750)
Assembler:       Armasm.exe V5.06 update 6 (build 750)
Linker/Locator:  ArmLink.exe V5.06 update 6 (build 750)
Library Manager: ArmAr.exe V5.06 update 6 (build 750)
Hex Converter:   FromElf.exe V5.06 update 6 (build 750)
CPU DLL:         SARMCM3.DLL V5.27.0.0
Dialog DLL:      DARMCM1.DLL V1.19.2.0
Target DLL:      STLink\ST-LINKIII-KEIL_SWO.dll V3.0.5.0
Dialog DLL:      TARMCM1.DLL V1.14.1.0
 
<h2>Project:</h2>
C:\Users\Andrew\Documents\uController\Motorcycle_street_parking_sensor\MDK-ARM\Motorcycle_street_parking_sensor.uvprojx
Project File Date:  08/07/2019

<h2>Output:</h2>
*** Using Compiler 'V5.06 update 6 (build 750)', folder: 'C:\Keil_v5\ARM\ARMCC\Bin'
Rebuild target 'Motorcycle_street_parking_sensor'
assembling startup_stm32g071xx.s...
compiling WaveGeneration.cpp...
compiling app_freertos.c...
compiling stm32g0xx_hal_timebase_tim.c...
compiling stm32g0xx_hal_dac_ex.c...
compiling stm32g0xx_hal_gpio.c...
compiling stm32g0xx_hal_dac.c...
compiling main.c...
../Src/main.c(330): warning:  #177-D: variable "os_thread_def_RightSirenSound"  was declared but never referenced
  	osThreadDef(RightSirenSound, StartTaskSirenSound, osPriorityNormal, 0, 128);
../Src/main.c(334): warning:  #177-D: variable "os_thread_def_RightLightFlash"  was declared but never referenced
  	osThreadDef(RightLightFlash, StartTaskLightFlash, osPriorityIdle, 0, 128);
../Src/main.c(338): warning:  #177-D: variable "os_thread_def_RightSensorRead"  was declared but never referenced
  	osThreadDef(RightSensorRead, StartTaskSensorRead, osPriorityIdle, 0, 128);
../Src/main.c(131): warning:  #177-D: variable "SPEED_OF_SOUND_25C_CMpS"  was declared but never referenced
  const float SPEED_OF_SOUND_25C_CMpS = (346*100); //m/s
../Src/main.c(169): warning:  #177-D: variable "os_mailQ_def_UartMailbox"  was declared but never referenced
  osMailQDef(UartMailbox, 16, T_DbgMessage); 
../Src/main.c: 5 warnings, 0 errors
compiling stm32g0xx_hal_msp.c...
compiling stm32g0xx_it.c...
compiling stm32g0xx_ll_rcc.c...
compiling stm32g0xx_hal_uart.c...
compiling stm32g0xx_hal_uart_ex.c...
compiling stm32g0xx_hal_tim_ex.c...
compiling stm32g0xx_hal_flash.c...
compiling stm32g0xx_hal_flash_ex.c...
compiling stm32g0xx_hal_tim.c...
compiling stm32g0xx_hal_rcc.c...
compiling stm32g0xx_hal_rcc_ex.c...
compiling stm32g0xx_hal_dma_ex.c...
compiling system_stm32g0xx.c...
compiling stm32g0xx_hal_dma.c...
compiling stm32g0xx_hal_cortex.c...
compiling stm32g0xx_hal_pwr.c...
compiling stm32g0xx_hal.c...
compiling stm32g0xx_hal_pwr_ex.c...
compiling stm32g0xx_hal_exti.c...
compiling croutine.c...
compiling list.c...
compiling event_groups.c...
compiling timers.c...
compiling heap_4.c...
compiling stream_buffer.c...
compiling queue.c...
compiling tasks.c...
compiling port.c...
compiling cmsis_os.c...
linking...
Program Size: Code=33272 RO-data=1036 RW-data=164 ZI-data=8668  
FromELF: creating hex file...
"Motorcycle_street_parking_sensor\Motorcycle_street_parking_sensor.axf" - 0 Error(s), 5 Warning(s).

<h2>Software Packages used:</h2>

Package Vendor: ARM
                http://www.keil.com/pack/ARM.CMSIS.5.4.0.pack
                ARM.CMSIS.5.4.0
                CMSIS (Cortex Microcontroller Software Interface Standard)
   * Component: CORE Version: 5.1.2

Package Vendor: Keil
                http://www.keil.com/pack/Keil.STM32G0xx_DFP.1.0.0.pack
                Keil.STM32G0xx_DFP.1.0.0
                STMicroelectronics STM32G0 Series Device Support

<h2>Collection of Component include folders:</h2>
  .\RTE\_Motorcycle_street_parking_sensor
  C:\Keil_v5\ARM\PACK\ARM\CMSIS\5.4.0\CMSIS\Core\Include
  C:\Keil_v5\ARM\PACK\Keil\STM32G0xx_DFP\1.0.0\Drivers\CMSIS\Device\ST\STM32G0xx\Include

<h2>Collection of Component Files used:</h2>

   * Component: ARM::CMSIS:CORE:5.1.2
Build Time Elapsed:  00:00:23
</pre>
</body>
</html>
