Component: ARM Compiler 5.06 update 6 (build 750) Tool: armlink [4d35ed]

==============================================================================

Section Cross References

    startup_stm32g071xx.o(STACK) refers (Special) to heapauxi.o(.text) for __use_two_region_memory
    startup_stm32g071xx.o(HEAP) refers (Special) to heapauxi.o(.text) for __use_two_region_memory
    startup_stm32g071xx.o(RESET) refers (Special) to heapauxi.o(.text) for __use_two_region_memory
    startup_stm32g071xx.o(RESET) refers to startup_stm32g071xx.o(STACK) for __initial_sp
    startup_stm32g071xx.o(RESET) refers to startup_stm32g071xx.o(.text) for Reset_Handler
    startup_stm32g071xx.o(RESET) refers to stm32g0xx_it.o(i.NMI_Handler) for NMI_Handler
    startup_stm32g071xx.o(RESET) refers to stm32g0xx_it.o(i.HardFault_Handler) for HardFault_Handler
    startup_stm32g071xx.o(RESET) refers to port.o(i.SVC_Handler) for SVC_Handler
    startup_stm32g071xx.o(RESET) refers to port.o(.emb_text) for PendSV_Handler
    startup_stm32g071xx.o(RESET) refers to port.o(i.SysTick_Handler) for SysTick_Handler
    startup_stm32g071xx.o(RESET) refers to stm32g0xx_it.o(i.DMA1_Channel1_IRQHandler) for DMA1_Channel1_IRQHandler
    startup_stm32g071xx.o(RESET) refers to stm32g0xx_it.o(i.DMA1_Channel2_3_IRQHandler) for DMA1_Channel2_3_IRQHandler
    startup_stm32g071xx.o(RESET) refers to stm32g0xx_it.o(i.TIM2_IRQHandler) for TIM2_IRQHandler
    startup_stm32g071xx.o(RESET) refers to stm32g0xx_it.o(i.TIM3_IRQHandler) for TIM3_IRQHandler
    startup_stm32g071xx.o(RESET) refers to stm32g0xx_it.o(i.TIM6_DAC_LPTIM1_IRQHandler) for TIM6_DAC_LPTIM1_IRQHandler
    startup_stm32g071xx.o(.text) refers (Special) to heapauxi.o(.text) for __use_two_region_memory
    startup_stm32g071xx.o(.text) refers to system_stm32g0xx.o(i.SystemInit) for SystemInit
    startup_stm32g071xx.o(.text) refers to __main.o(!!!main) for __main
    startup_stm32g071xx.o(.text) refers to startup_stm32g071xx.o(HEAP) for Heap_Mem
    startup_stm32g071xx.o(.text) refers to startup_stm32g071xx.o(STACK) for Stack_Mem
    wavegeneration.o(i._ZN13WaveGenerator12setAmplitudeEf) refers to flef.o(x$fpl$fleqf) for __aeabi_cfcmple
    wavegeneration.o(i._ZN13WaveGenerator12setAmplitudeEf) refers to frlef.o(x$fpl$frleqf) for __aeabi_cfrcmple
    wavegeneration.o(i._ZN13WaveGenerator14generateSampleEj) refers to wavegeneration.o(i._ZN13WaveGenerator18generateNextSampleEv) for WaveGenerator::generateNextSample()
    wavegeneration.o(i._ZN13WaveGenerator14setPhaseOffsetEf) refers to f2d.o(.text) for __aeabi_f2d
    wavegeneration.o(i._ZN13WaveGenerator14setPhaseOffsetEf) refers to dlef.o(x$fpl$dleqf) for __aeabi_cdcmple
    wavegeneration.o(i._ZN13WaveGenerator14setPhaseOffsetEf) refers to frlef.o(x$fpl$frleqf) for __aeabi_cfrcmple
    wavegeneration.o(i._ZN13WaveGenerator18generateNextSampleEv) refers to fflti.o(.text) for __aeabi_i2f
    wavegeneration.o(i._ZN13WaveGenerator18generateNextSampleEv) refers to fdiv.o(.text) for __aeabi_fdiv
    wavegeneration.o(i._ZN13WaveGenerator18generateNextSampleEv) refers to frlef.o(x$fpl$frleqf) for __aeabi_cfrcmple
    wavegeneration.o(i._ZN13WaveGenerator18generateNextSampleEv) refers to f2d.o(.text) for __aeabi_f2d
    wavegeneration.o(i._ZN13WaveGenerator18generateNextSampleEv) refers to daddsub.o(.text) for __aeabi_dadd
    wavegeneration.o(i._ZN13WaveGenerator18generateNextSampleEv) refers to fmul.o(x$fpl$fmul) for __aeabi_fmul
    wavegeneration.o(i._ZN13WaveGenerator18generateNextSampleEv) refers to dmul.o(.text) for __aeabi_dmul
    wavegeneration.o(i._ZN13WaveGenerator18generateNextSampleEv) refers to dfixui.o(.text) for __aeabi_d2uiz
    wavegeneration.o(i._ZN13WaveGenerator18generateNextSampleEv) refers to dflti.o(.text) for __aeabi_ui2d
    wavegeneration.o(i._ZN13WaveGenerator18generateNextSampleEv) refers to cos.o(i.cos) for cos
    wavegeneration.o(i._ZN13WaveGenerator18generateNextSampleEv) refers to d2f.o(.text) for __aeabi_d2f
    wavegeneration.o(i._ZN13WaveGenerator18generateNextSampleEv) refers to faddsub.o(x$fpl$fadd) for __aeabi_fadd
    wavegeneration.o(i._ZN13WaveGenerator18generateNextSampleEv) refers to wavegeneration.o(i._ZSt4fmodff) for std::fmod(float, float)
    wavegeneration.o(i._ZN13WaveGenerator18generateNextSampleEv) refers to faddsub.o(x$fpl$fsub) for __aeabi_fsub
    wavegeneration.o(i._ZN13WaveGenerator18generateNextSampleEv) refers to flef.o(x$fpl$fleqf) for __aeabi_cfcmple
    wavegeneration.o(i._ZN13WaveGenerator18generateNextSampleEv) refers to ffixi.o(.text) for __aeabi_f2iz
    wavegeneration.o(i._ZN13WaveGenerator18setAmplitudeOffsetEf) refers to f2d.o(.text) for __aeabi_f2d
    wavegeneration.o(i._ZN13WaveGenerator18setAmplitudeOffsetEf) refers to dlef.o(x$fpl$dleqf) for __aeabi_cdcmple
    wavegeneration.o(i._ZN13WaveGenerator18setAmplitudeOffsetEf) refers to frlef.o(x$fpl$frleqf) for __aeabi_cfrcmple
[...]
    xYieldPending                            0x20000070   Data           4  tasks.o(.data)
    xNumOfOverflows                          0x20000074   Data           4  tasks.o(.data)
    uxTaskNumber                             0x20000078   Data           4  tasks.o(.data)
    xNextTaskUnblockTime                     0x2000007c   Data           4  tasks.o(.data)
    xIdleTaskHandle                          0x20000080   Data           4  tasks.o(.data)
    uxSchedulerSuspended                     0x20000084   Data           4  tasks.o(.data)
    .data                                    0x20000088   Section       24  heap_4.o(.data)
    xStart                                   0x20000088   Data           8  heap_4.o(.data)
    pxEnd                                    0x20000090   Data           4  heap_4.o(.data)
    xFreeBytesRemaining                      0x20000094   Data           4  heap_4.o(.data)
    xMinimumEverFreeBytesRemaining           0x20000098   Data           4  heap_4.o(.data)
    xBlockAllocatedBit                       0x2000009c   Data           4  heap_4.o(.data)
    .data                                    0x200000a0   Section        4  port.o(.data)
    uxCriticalNesting                        0x200000a0   Data           4  port.o(.data)
    .bss                                     0x200000a4   Section      584  main.o(.bss)
    .bss                                     0x200002ec   Section       64  stm32g0xx_hal_timebase_tim.o(.bss)
    .bss                                     0x2000032c   Section      240  tasks.o(.bss)
    pxReadyTasksLists                        0x2000032c   Data         140  tasks.o(.bss)
    xDelayedTaskList1                        0x200003b8   Data          20  tasks.o(.bss)
    xDelayedTaskList2                        0x200003cc   Data          20  tasks.o(.bss)
    xPendingReadyList                        0x200003e0   Data          20  tasks.o(.bss)
    xTasksWaitingTermination                 0x200003f4   Data          20  tasks.o(.bss)
    xSuspendedTaskList                       0x20000408   Data          20  tasks.o(.bss)
    .bss                                     0x2000041c   Section     6144  heap_4.o(.bss)
    ucHeap                                   0x2000041c   Data        6144  heap_4.o(.bss)
    .bss                                     0x20001c1c   Section       96  libspace.o(.bss)
    HEAP                                     0x20001c80   Section      512  startup_stm32g071xx.o(HEAP)
    Heap_Mem                                 0x20001c80   Data         512  startup_stm32g071xx.o(HEAP)
    STACK                                    0x20001e80   Section     1024  startup_stm32g071xx.o(STACK)
    Stack_Mem                                0x20001e80   Data        1024  startup_stm32g071xx.o(STACK)
    __initial_sp                             0x20002280   Data           0  startup_stm32g071xx.o(STACK)

    Global Symbols

    Symbol Name                              Value     Ov Type        Size  Object(Section)

    BuildAttributes$$THM_ISAv3M$S$PE$A:L22$X:L11$S22$IEEE1$IW$USESV6$~STKCKD$USESV7$~SHL$OTIME$ROPI$IEEEX$EBA8$UX$STANDARDLIB$REQ8$PRES8$EABIv2 0x00000000   Number         0  anon$$obj.o ABSOLUTE
    __ARM_use_no_argv                        0x00000000   Number         0  main.o ABSOLUTE
    _printf_flags                            0x00000000   Number         0  printf_stubs.o ABSOLUTE
    _printf_return_value                     0x00000000   Number         0  printf_stubs.o ABSOLUTE
    _printf_sizespec                         0x00000000   Number         0  printf_stubs.o ABSOLUTE
    _printf_widthprec                        0x00000000   Number         0  printf_stubs.o ABSOLUTE
    __ARM_exceptions_init                     - Undefined Weak Reference
    __alloca_initialize                       - Undefined Weak Reference
    __arm_preinit_                            - Undefined Weak Reference
    __cxa_finalize                            - Undefined Weak Reference
    __rt_locale                               - Undefined Weak Reference
    __sigvec_lookup                           - Undefined Weak Reference
    _atexit_init                              - Undefined Weak Reference
    _call_atexit_fns                          - Undefined Weak Reference
    _clock_init                               - Undefined Weak Reference
    _fp_trap_init                             - Undefined Weak Reference
    _fp_trap_shutdown                         - Undefined Weak Reference
    _get_lc_collate                           - Undefined Weak Reference
    _get_lc_ctype                             - Undefined Weak Reference
    _get_lc_monetary                          - Undefined Weak Reference
    _get_lc_numeric                           - Undefined Weak Reference
    _get_lc_time                              - Undefined Weak Reference
    _getenv_init                              - Undefined Weak Reference
    _handle_redirection                       - Undefined Weak Reference
    _init_alloc                               - Undefined Weak Reference
    _init_user_alloc                          - Undefined Weak Reference
    _initio                                   - Undefined Weak Reference
    _printf_post_padding                      - Undefined Weak Reference
    _printf_pre_padding                       - Undefined Weak Reference
    _printf_truncate_signed                   - Undefined Weak Reference
    _printf_truncate_unsigned                 - Undefined Weak Reference
    _rand_init                                - Undefined Weak Reference
    _signal_finish                            - Undefined Weak Reference
    _signal_init                              - Undefined Weak Reference
    _terminate_alloc                          - Undefined Weak Reference
    _terminate_user_alloc                     - Undefined Weak Reference
    _terminateio                              - Undefined Weak Reference
    __Vectors_Size                           0x000000bc   Number         0  startup_stm32g071xx.o ABSOLUTE
    __Vectors                                0x08000000   Data           4  startup_stm32g071xx.o(RESET)
    __Vectors_End                            0x080000bc   Data           0  startup_stm32g071xx.o(RESET)
    __main                                   0x080000bd   Thumb Code     8  __main.o(!!!main)
    __scatterload                            0x080000c5   Thumb Code     0  __scatter.o(!!!scatter)
    __scatterload_rt2                        0x080000c5   Thumb Code    52  __scatter.o(!!!scatter)
    __scatterload_rt2_thumb_only             0x080000c5   Thumb Code     0  __scatter.o(!!!scatter)
    __scatterload_null                       0x080000d5   Thumb Code     0  __scatter.o(!!!scatter)
    __scatterload_copy                       0x08000101   Thumb Code    26  __scatter_copy.o(!!handler_copy)
    __scatterload_zeroinit                   0x0800011d   Thumb Code    28  __scatter_zi.o(!!handler_zi)
    _printf_percent                          0x08000139   Thumb Code     0  _printf_percent.o(.ARM.Collect$$_printf_percent$$00000000)
    _printf_d                                0x0800013b   Thumb Code     0  _printf_d.o(.ARM.Collect$$_printf_percent$$00000009)
    _printf_u                                0x08000145   Thumb Code     0  _printf_u.o(.ARM.Collect$$_printf_percent$$0000000A)
    _printf_percent_end                      0x0800014f   Thumb Code     0  _printf_percent_end.o(.ARM.Collect$$_printf_percent$$00000017)
    __rt_lib_init                            0x08000153   Thumb Code     0  libinit.o(.ARM.Collect$$libinit$$00000000)
    __rt_lib_init_alloca_1                   0x08000155   Thumb Code     0  libinit2.o(.ARM.Collect$$libinit$$0000002E)
    __rt_lib_init_argv_1                     0x08000155   Thumb Code     0  libinit2.o(.ARM.Collect$$libinit$$0000002C)
    __rt_lib_init_atexit_1                   0x08000155   Thumb Code     0  libinit2.o(.ARM.Collect$$libinit$$0000001B)
    __rt_lib_init_clock_1                    0x08000155   Thumb Code     0  libinit2.o(.ARM.Collect$$libinit$$00000021)
    __rt_lib_init_cpp_2                      0x08000155   Thumb Code     0  libinit2.o(.ARM.Collect$$libinit$$00000031)
    __rt_lib_init_exceptions_1               0x08000155   Thumb Code     0  libinit2.o(.ARM.Collect$$libinit$$00000030)
    __rt_lib_init_fp_1                       0x08000155   Thumb Code     0  libinit2.o(.ARM.Collect$$libinit$$00000002)
    __rt_lib_init_fp_trap_1                  0x08000155   Thumb Code     0  libinit2.o(.ARM.Collect$$libinit$$0000001F)
    __rt_lib_init_getenv_1                   0x08000155   Thumb Code     0  libinit2.o(.ARM.Collect$$libinit$$00000023)
    __rt_lib_init_heap_1                     0x08000155   Thumb Code     0  libinit2.o(.ARM.Collect$$libinit$$0000000A)
    __rt_lib_init_lc_collate_1               0x08000155   Thumb Code     0  libinit2.o(.ARM.Collect$$libinit$$00000011)
    __rt_lib_init_lc_ctype_1                 0x08000155   Thumb Code     0  libinit2.o(.ARM.Collect$$libinit$$00000013)
    __rt_lib_init_lc_monetary_1              0x08000155   Thumb Code     0  libinit2.o(.ARM.Collect$$libinit$$00000015)
    __rt_lib_init_lc_numeric_1               0x08000155   Thumb Code     0  libinit2.o(.ARM.Collect$$libinit$$00000017)
    __rt_lib_init_lc_time_1                  0x08000155   Thumb Code     0  libinit2.o(.ARM.Collect$$libinit$$00000019)
    __rt_lib_init_preinit_1                  0x08000155   Thumb Code     0  libinit2.o(.ARM.Collect$$libinit$$00000004)
    __rt_lib_init_rand_1                     0x08000155   Thumb Code     0  libinit2.o(.ARM.Collect$$libinit$$0000000E)
    __rt_lib_init_signal_1                   0x08000155   Thumb Code     0  libinit2.o(.ARM.Collect$$libinit$$0000001D)
    __rt_lib_init_stdio_1                    0x08000155   Thumb Code     0  libinit2.o(.ARM.Collect$$libinit$$00000025)
    __rt_lib_init_user_alloc_1               0x08000155   Thumb Code     0  libinit2.o(.ARM.Collect$$libinit$$0000000C)
    __rt_lib_init_cpp_1                      0x08000159   Thumb Code     0  libinit2.o(.ARM.Collect$$libinit$$00000032)
    __rt_lib_init_return                     0x08000159   Thumb Code     0  libinit2.o(.ARM.Collect$$libinit$$00000033)
    __rt_lib_shutdown                        0x0800015b   Thumb Code     0  libshutdown.o(.ARM.Collect$$libshutdown$$00000000)
    __rt_lib_shutdown_cpp_1                  0x0800015d   Thumb Code     0  libshutdown2.o(.ARM.Collect$$libshutdown$$00000002)
    __rt_lib_shutdown_fp_trap_1              0x0800015d   Thumb Code     0  libshutdown2.o(.ARM.Collect$$libshutdown$$00000007)
    __rt_lib_shutdown_heap_1                 0x0800015d   Thumb Code     0  libshutdown2.o(.ARM.Collect$$libshutdown$$0000000F)
    __rt_lib_shutdown_return                 0x0800015d   Thumb Code     0  libshutdown2.o(.ARM.Collect$$libshutdown$$00000010)
    __rt_lib_shutdown_signal_1               0x0800015d   Thumb Code     0  libshutdown2.o(.ARM.Collect$$libshutdown$$0000000A)
    __rt_lib_shutdown_stdio_1                0x0800015d   Thumb Code     0  libshutdown2.o(.ARM.Collect$$libshutdown$$00000004)
    __rt_lib_shutdown_user_alloc_1           0x0800015d   Thumb Code     0  libshutdown2.o(.ARM.Collect$$libshutdown$$0000000C)
    __rt_entry                               0x0800015f   Thumb Code     0  __rtentry.o(.ARM.Collect$$rtentry$$00000000)
    __rt_entry_presh_1                       0x0800015f   Thumb Code     0  __rtentry2.o(.ARM.Collect$$rtentry$$00000002)
    __rt_entry_sh                            0x0800015f   Thumb Code     0  __rtentry4.o(.ARM.Collect$$rtentry$$00000004)
    __rt_entry_li                            0x08000165   Thumb Code     0  __rtentry2.o(.ARM.Collect$$rtentry$$0000000A)
    __rt_entry_postsh_1                      0x08000165   Thumb Code     0  __rtentry2.o(.ARM.Collect$$rtentry$$00000009)
    __rt_entry_main                          0x08000169   Thumb Code     0  __rtentry2.o(.ARM.Collect$$rtentry$$0000000D)
    __rt_entry_postli_1                      0x08000169   Thumb Code     0  __rtentry2.o(.ARM.Collect$$rtentry$$0000000C)
    __rt_exit                                0x08000171   Thumb Code     0  rtexit.o(.ARM.Collect$$rtexit$$00000000)
    __rt_exit_ls                             0x08000173   Thumb Code     0  rtexit2.o(.ARM.Collect$$rtexit$$00000003)
    __rt_exit_prels_1                        0x08000173   Thumb Code     0  rtexit2.o(.ARM.Collect$$rtexit$$00000002)
    __rt_exit_exit                           0x08000177   Thumb Code     0  rtexit2.o(.ARM.Collect$$rtexit$$00000004)
    __asm___6_port_c_39a90d8d__prvPortStartFirstTask 0x0800017d   Thumb Code    36  port.o(.emb_text)
    ulSetInterruptMaskFromISR                0x080001a5   Thumb Code     8  port.o(.emb_text)
    vClearInterruptMaskFromISR               0x080001ad   Thumb Code     6  port.o(.emb_text)
    PendSV_Handler                           0x080001b3   Thumb Code    62  port.o(.emb_text)
    __aeabi_memcpy4                          0x080001f5   Thumb Code    56  rt_memcpy.o(.emb_text)
    __aeabi_memcpy8                          0x080001f5   Thumb Code     0  rt_memcpy.o(.emb_text)
    Reset_Handler                            0x0800022d   Thumb Code     8  startup_stm32g071xx.o(.text)
    ADC1_COMP_IRQHandler                     0x0800023f   Thumb Code     0  startup_stm32g071xx.o(.text)
    CEC_IRQHandler                           0x0800023f   Thumb Code     0  startup_stm32g071xx.o(.text)
    DMA1_Ch4_7_DMAMUX1_OVR_IRQHandler        0x0800023f   Thumb Code     0  startup_stm32g071xx.o(.text)
    EXTI0_1_IRQHandler                       0x0800023f   Thumb Code     0  startup_stm32g071xx.o(.text)
    EXTI2_3_IRQHandler                       0x0800023f   Thumb Code     0  startup_stm32g071xx.o(.text)
    EXTI4_15_IRQHandler                      0x0800023f   Thumb Code     0  startup_stm32g071xx.o(.text)
    FLASH_IRQHandler                         0x0800023f   Thumb Code     0  startup_stm32g071xx.o(.text)
    I2C1_IRQHandler                          0x0800023f   Thumb Code     0  startup_stm32g071xx.o(.text)
    I2C2_IRQHandler                          0x0800023f   Thumb Code     0  startup_stm32g071xx.o(.text)
    PVD_IRQHandler                           0x0800023f   Thumb Code     0  startup_stm32g071xx.o(.text)
    RCC_IRQHandler                           0x0800023f   Thumb Code     0  startup_stm32g071xx.o(.text)
    RTC_TAMP_IRQHandler                      0x0800023f   Thumb Code     0  startup_stm32g071xx.o(.text)
    SPI1_IRQHandler                          0x0800023f   Thumb Code     0  startup_stm32g071xx.o(.text)
    SPI2_IRQHandler                          0x0800023f   Thumb Code     0  startup_stm32g071xx.o(.text)
    TIM14_IRQHandler                         0x0800023f   Thumb Code     0  startup_stm32g071xx.o(.text)
    TIM15_IRQHandler                         0x0800023f   Thumb Code     0  startup_stm32g071xx.o(.text)
    TIM16_IRQHandler                         0x0800023f   Thumb Code     0  startup_stm32g071xx.o(.text)
    TIM17_IRQHandler                         0x0800023f   Thumb Code     0  startup_stm32g071xx.o(.text)
    TIM1_BRK_UP_TRG_COM_IRQHandler           0x0800023f   Thumb Code     0  startup_stm32g071xx.o(.text)
    TIM1_CC_IRQHandler                       0x0800023f   Thumb Code     0  startup_stm32g071xx.o(.text)
    TIM7_LPTIM2_IRQHandler                   0x0800023f   Thumb Code     0  startup_stm32g071xx.o(.text)
    UCPD1_2_IRQHandler                       0x0800023f   Thumb Code     0  startup_stm32g071xx.o(.text)
    USART1_IRQHandler                        0x0800023f   Thumb Code     0  startup_stm32g071xx.o(.text)
    USART2_IRQHandler                        0x0800023f   Thumb Code     0  startup_stm32g071xx.o(.text)
    USART3_4_LPUART1_IRQHandler              0x0800023f   Thumb Code     0  startup_stm32g071xx.o(.text)
    WWDG_IRQHandler                          0x0800023f   Thumb Code     0  startup_stm32g071xx.o(.text)
    __user_initial_stackheap                 0x08000241   Thumb Code     0  startup_stm32g071xx.o(.text)
    __aeabi_lmul                             0x08000265   Thumb Code    48  llmul.o(.text)
    _ll_mul                                  0x08000265   Thumb Code     0  llmul.o(.text)
    __aeabi_uldivmod                         0x08000295   Thumb Code   258  lludiv.o(.text)
    _ll_udiv                                 0x08000295   Thumb Code     0  lludiv.o(.text)
    __2sprintf                               0x08000399   Thumb Code    36  noretval__2sprintf.o(.text)
    _printf_int_dec                          0x080003c1   Thumb Code    90  _printf_dec.o(.text)
    __printf                                 0x0800042d   Thumb Code   190  __printf_ss.o(.text)
    strcpy                                   0x080004ed   Thumb Code    70  strcpy.o(.text)
    strlen                                   0x08000539   Thumb Code    62  strlen.o(.text)
    __aeabi_memcpy                           0x0800057d   Thumb Code   130  rt_memcpy.o(.text)
    __rt_memcpy                              0x0800057d   Thumb Code     0  rt_memcpy.o(.text)
    __aeabi_memset                           0x080005ff   Thumb Code    18  aeabi_memset.o(.text)
    _memset_w                                0x08000611   Thumb Code    26  rt_memclr.o(.text)
    _memset                                  0x0800062b   Thumb Code    30  rt_memclr.o(.text)
    __aeabi_memclr                           0x08000649   Thumb Code     4  rt_memclr.o(.text)
    __rt_memclr                              0x08000649   Thumb Code     0  rt_memclr.o(.text)
    __aeabi_memclr4                          0x0800064d   Thumb Code     0  rt_memclr.o(.text)
    __aeabi_memclr8                          0x0800064d   Thumb Code     0  rt_memclr.o(.text)
    __rt_memclr_w                            0x0800064d   Thumb Code     4  rt_memclr.o(.text)
    __aeabi_uidiv                            0x08000651   Thumb Code     0  aeabi_sdiv.o(.text)
    __aeabi_uidivmod                         0x08000651   Thumb Code    20  aeabi_sdiv.o(.text)
    __aeabi_idiv                             0x08000665   Thumb Code     0  aeabi_sdiv.o(.text)
    __aeabi_idivmod                          0x08000665   Thumb Code   326  aeabi_sdiv.o(.text)
    __use_two_region_memory                  0x080007ab   Thumb Code     2  heapauxi.o(.text)
    __rt_heap_escrow$2region                 0x080007ad   Thumb Code     2  heapauxi.o(.text)
    __rt_heap_expand$2region                 0x080007af   Thumb Code     2  heapauxi.o(.text)
    __cpp_initialize__aeabi_                 0x080007b1   Thumb Code    26  init_aeabi.o(.text)
    __aeabi_d2f                              0x080007d5   Thumb Code     0  d2f.o(.text)
    _d2f                                     0x080007d5   Thumb Code   120  d2f.o(.text)
    __aeabi_dadd                             0x08000b49   Thumb Code     0  daddsub.o(.text)
    _dadd                                    0x08000b49   Thumb Code    26  daddsub.o(.text)
    __aeabi_dsub                             0x08000b63   Thumb Code     0  daddsub.o(.text)
    _dsub                                    0x08000b63   Thumb Code    22  daddsub.o(.text)
    __aeabi_drsub                            0x08000b79   Thumb Code     0  daddsub.o(.text)
    _drsb                                    0x08000b79   Thumb Code    28  daddsub.o(.text)
    __aeabi_d2uiz                            0x08000ba9   Thumb Code     0  dfixui.o(.text)
    _dfixu                                   0x08000ba9   Thumb Code    68  dfixui.o(.text)
    __aeabi_i2d_normalise                    0x08000bf1   Thumb Code    66  dflti.o(.text)
    __aeabi_i2d                              0x08000c33   Thumb Code    16  dflti.o(.text)
    _dflt                                    0x08000c33   Thumb Code     0  dflti.o(.text)
    __aeabi_ui2d                             0x08000c43   Thumb Code     6  dflti.o(.text)
    _dfltu                                   0x08000c43   Thumb Code     0  dflti.o(.text)
    __aeabi_dmul                             0x08000c49   Thumb Code     0  dmul.o(.text)
    _dmul                                    0x08000c49   Thumb Code   558  dmul.o(.text)
    __aeabi_f2d                              0x08000e91   Thumb Code     0  f2d.o(.text)
    _f2d                                     0x08000e91   Thumb Code    80  f2d.o(.text)
    __aeabi_fdiv                             0x08000ee5   Thumb Code     0  fdiv.o(.text)
    _fdiv                                    0x08000ee5   Thumb Code   334  fdiv.o(.text)
    _frdiv                                   0x08001033   Thumb Code     8  fdiv.o(.text)
    __aeabi_f2iz                             0x08001045   Thumb Code     0  ffixi.o(.text)
    _ffix                                    0x08001045   Thumb Code    76  ffixi.o(.text)
    __aeabi_i2f_normalise                    0x08001091   Thumb Code    72  fflti.o(.text)
    __aeabi_i2f                              0x080010d9   Thumb Code    16  fflti.o(.text)
    _fflt                                    0x080010d9   Thumb Code     0  fflti.o(.text)
    __aeabi_ui2f                             0x080010e9   Thumb Code     6  fflti.o(.text)
    _ffltu                                   0x080010e9   Thumb Code     0  fflti.o(.text)
    __read_errno                             0x080010ef   Thumb Code    10  _rserrno.o(.text)
    __set_errno                              0x080010f9   Thumb Code    12  _rserrno.o(.text)
    _printf_int_common                       0x08001105   Thumb Code   176  _printf_intcommon.o(.text)
    _printf_char_common                      0x080011bf   Thumb Code    32  _printf_char_common.o(.text)
    _sputc                                   0x080011e5   Thumb Code    10  _sputc.o(.text)
    __rt_udiv10                              0x080011ef   Thumb Code    40  rtudiv10.o(.text)
    __fpl_fcmp_InfNaN                        0x08001219   Thumb Code    96  fcmpin.o(.text)
    _frem                                    0x0800127d   Thumb Code   274  frem.o(.text)
    __aeabi_errno_addr                       0x08001395   Thumb Code     8  rt_errno_addr_intlibspace.o(.text)
    __errno$intlibspace                      0x08001395   Thumb Code     0  rt_errno_addr_intlibspace.o(.text)
    __rt_errno_addr$intlibspace              0x08001395   Thumb Code     0  rt_errno_addr_intlibspace.o(.text)
    __fpl_cmpreturn                          0x0800139d   Thumb Code    46  cmpret.o(.text)
    __aeabi_ddiv                             0x080013cd   Thumb Code     0  ddiv.o(.text)
    _ddiv                                    0x080013cd   Thumb Code  1072  ddiv.o(.text)
    _drdiv                                   0x080017fd   Thumb Code    20  ddiv.o(.text)
    __aeabi_d2iz                             0x08001815   Thumb Code     0  dfixi.o(.text)
    _dfix                                    0x08001815   Thumb Code    98  dfixi.o(.text)
    __ARM_scalbn                             0x08001881   Thumb Code    84  dscalbn.o(.text)
    __fpl_fcheck_NaN2                        0x080018e1   Thumb Code    10  fnan2.o(.text)
    __user_libspace                          0x080018f1   Thumb Code     8  libspace.o(.text)
    __user_perproc_libspace                  0x080018f1   Thumb Code     0  libspace.o(.text)
    __user_perthread_libspace                0x080018f1   Thumb Code     0  libspace.o(.text)
    __user_setup_stackheap                   0x080018f9   Thumb Code    62  sys_stackheap_outer.o(.text)
    exit                                     0x08001937   Thumb Code    16  exit.o(.text)
    __fpl_return_NaN                         0x08001947   Thumb Code    94  retnan.o(.text)
    _sys_exit                                0x080019a5   Thumb Code     8  sys_exit.o(.text)
    __I$use$semihosting                      0x080019b1   Thumb Code     0  use_no_semi.o(.text)
    __use_no_semihosting_swi                 0x080019b1   Thumb Code     2  use_no_semi.o(.text)
    __semihosting_library_function           0x080019b3   Thumb Code     0  indicate_semi.o(.text)
    DMA1_Channel1_IRQHandler                 0x080019b5   Thumb Code    10  stm32g0xx_it.o(i.DMA1_Channel1_IRQHandler)
    DMA1_Channel2_3_IRQHandler               0x080019c5   Thumb Code    10  stm32g0xx_it.o(i.DMA1_Channel2_3_IRQHandler)
    Error_Handler                            0x08001a2d   Thumb Code     2  main.o(i.Error_Handler)
    HAL_DACEx_DMAUnderrunCallbackCh2         0x08001a2f   Thumb Code     2  stm32g0xx_hal_dac_ex.o(i.HAL_DACEx_DMAUnderrunCallbackCh2)
    HAL_DAC_ConfigChannel                    0x08001a31   Thumb Code   420  stm32g0xx_hal_dac.o(i.HAL_DAC_ConfigChannel)
    HAL_DAC_DMAUnderrunCallbackCh1           0x08001bdd   Thumb Code     2  stm32g0xx_hal_dac.o(i.HAL_DAC_DMAUnderrunCallbackCh1)
    HAL_DAC_IRQHandler                       0x08001bdf   Thumb Code   130  stm32g0xx_hal_dac.o(i.HAL_DAC_IRQHandler)
    HAL_DAC_Init                             0x08001c61   Thumb Code    42  stm32g0xx_hal_dac.o(i.HAL_DAC_Init)
    HAL_DAC_MspInit                          0x08001c8d   Thumb Code   236  stm32g0xx_hal_msp.o(i.HAL_DAC_MspInit)
    HAL_DAC_SetValue                         0x08001d8d   Thumb Code    46  stm32g0xx_hal_dac.o(i.HAL_DAC_SetValue)
    HAL_DAC_Start                            0x08001dbb   Thumb Code   120  stm32g0xx_hal_dac.o(i.HAL_DAC_Start)
    HAL_DMA_IRQHandler                       0x08001e35   Thumb Code   282  stm32g0xx_hal_dma.o(i.HAL_DMA_IRQHandler)
    HAL_DMA_Init                             0x08001f55   Thumb Code   178  stm32g0xx_hal_dma.o(i.HAL_DMA_Init)
    HAL_Delay                                0x08002011   Thumb Code    38  stm32g0xx_hal.o(i.HAL_Delay)
    HAL_GPIO_Init                            0x0800203d   Thumb Code   448  stm32g0xx_hal_gpio.o(i.HAL_GPIO_Init)
    HAL_GPIO_TogglePin                       0x0800220d   Thumb Code    16  stm32g0xx_hal_gpio.o(i.HAL_GPIO_TogglePin)
    HAL_GPIO_WritePin                        0x0800221d   Thumb Code    12  stm32g0xx_hal_gpio.o(i.HAL_GPIO_WritePin)
    HAL_GetTick                              0x08002229   Thumb Code     6  stm32g0xx_hal.o(i.HAL_GetTick)
    HAL_IncTick                              0x08002235   Thumb Code    16  stm32g0xx_hal.o(i.HAL_IncTick)
    HAL_Init                                 0x0800224d   Thumb Code    40  stm32g0xx_hal.o(i.HAL_Init)
    HAL_InitTick                             0x08002279   Thumb Code   122  stm32g0xx_hal_timebase_tim.o(i.HAL_InitTick)
    HAL_MspInit                              0x08002305   Thumb Code    74  stm32g0xx_hal_msp.o(i.HAL_MspInit)
    HAL_NVIC_EnableIRQ                       0x08002355   Thumb Code    18  stm32g0xx_hal_cortex.o(i.HAL_NVIC_EnableIRQ)
    HAL_NVIC_SetPriority                     0x0800236d   Thumb Code    18  stm32g0xx_hal_cortex.o(i.HAL_NVIC_SetPriority)
    HAL_PWREx_ControlVoltageScaling          0x08002381   Thumb Code    76  stm32g0xx_hal_pwr_ex.o(i.HAL_PWREx_ControlVoltageScaling)
    HAL_RCCEx_PeriphCLKConfig                0x080023d9   Thumb Code   742  stm32g0xx_hal_rcc_ex.o(i.HAL_RCCEx_PeriphCLKConfig)
    HAL_RCC_ClockConfig                      0x080026cd   Thumb Code   442  stm32g0xx_hal_rcc.o(i.HAL_RCC_ClockConfig)
    HAL_RCC_GetClockConfig                   0x080028a1   Thumb Code    50  stm32g0xx_hal_rcc.o(i.HAL_RCC_GetClockConfig)
    HAL_RCC_GetHCLKFreq                      0x080028dd   Thumb Code     6  stm32g0xx_hal_rcc.o(i.HAL_RCC_GetHCLKFreq)
    HAL_RCC_GetPCLK1Freq                     0x080028e9   Thumb Code    32  stm32g0xx_hal_rcc.o(i.HAL_RCC_GetPCLK1Freq)
    HAL_RCC_GetSysClockFreq                  0x08002911   Thumb Code   216  stm32g0xx_hal_rcc.o(i.HAL_RCC_GetSysClockFreq)
    HAL_RCC_OscConfig                        0x080029f5   Thumb Code  1458  stm32g0xx_hal_rcc.o(i.HAL_RCC_OscConfig)
    HAL_TIMEx_Break2Callback                 0x08002fb9   Thumb Code     2  stm32g0xx_hal_tim_ex.o(i.HAL_TIMEx_Break2Callback)
    HAL_TIMEx_BreakCallback                  0x08002fbb   Thumb Code     2  stm32g0xx_hal_tim_ex.o(i.HAL_TIMEx_BreakCallback)
    HAL_TIMEx_CommutCallback                 0x08002fbd   Thumb Code     2  stm32g0xx_hal_tim_ex.o(i.HAL_TIMEx_CommutCallback)
    HAL_TIMEx_MasterConfigSynchronization    0x08002fc1   Thumb Code   116  stm32g0xx_hal_tim_ex.o(i.HAL_TIMEx_MasterConfigSynchronization)
    HAL_TIM_Base_Init                        0x08003039   Thumb Code    56  stm32g0xx_hal_tim.o(i.HAL_TIM_Base_Init)
    HAL_TIM_Base_MspInit                     0x08003071   Thumb Code   224  stm32g0xx_hal_msp.o(i.HAL_TIM_Base_MspInit)
    HAL_TIM_Base_Start_IT                    0x08003161   Thumb Code    50  stm32g0xx_hal_tim.o(i.HAL_TIM_Base_Start_IT)
    HAL_TIM_ConfigClockSource                0x08003199   Thumb Code   268  stm32g0xx_hal_tim.o(i.HAL_TIM_ConfigClockSource)
    HAL_TIM_IC_CaptureCallback               0x080032a9   Thumb Code   200  main.o(i.HAL_TIM_IC_CaptureCallback)
    HAL_TIM_IC_ConfigChannel                 0x08003395   Thumb Code   226  stm32g0xx_hal_tim.o(i.HAL_TIM_IC_ConfigChannel)
    HAL_TIM_IC_Init                          0x08003477   Thumb Code    56  stm32g0xx_hal_tim.o(i.HAL_TIM_IC_Init)
    HAL_TIM_IC_MspInit                       0x080034af   Thumb Code     2  stm32g0xx_hal_tim.o(i.HAL_TIM_IC_MspInit)
    HAL_TIM_IC_Start_IT                      0x080034b1   Thumb Code   128  stm32g0xx_hal_tim.o(i.HAL_TIM_IC_Start_IT)
    HAL_TIM_IRQHandler                       0x08003535   Thumb Code   498  stm32g0xx_hal_tim.o(i.HAL_TIM_IRQHandler)
    HAL_TIM_MspPostInit                      0x0800372d   Thumb Code    80  stm32g0xx_hal_msp.o(i.HAL_TIM_MspPostInit)
    HAL_TIM_OC_DelayElapsedCallback          0x08003789   Thumb Code     2  stm32g0xx_hal_tim.o(i.HAL_TIM_OC_DelayElapsedCallback)
    HAL_TIM_PWM_ConfigChannel                0x0800378b   Thumb Code   386  stm32g0xx_hal_tim.o(i.HAL_TIM_PWM_ConfigChannel)
    HAL_TIM_PWM_Init                         0x0800390d   Thumb Code    56  stm32g0xx_hal_tim.o(i.HAL_TIM_PWM_Init)
    HAL_TIM_PWM_MspInit                      0x08003945   Thumb Code     2  stm32g0xx_hal_tim.o(i.HAL_TIM_PWM_MspInit)
    HAL_TIM_PWM_PulseFinishedCallback        0x08003947   Thumb Code     2  stm32g0xx_hal_tim.o(i.HAL_TIM_PWM_PulseFinishedCallback)
    HAL_TIM_PWM_Start                        0x08003949   Thumb Code   106  stm32g0xx_hal_tim.o(i.HAL_TIM_PWM_Start)
    HAL_TIM_PeriodElapsedCallback            0x080039c9   Thumb Code    62  main.o(i.HAL_TIM_PeriodElapsedCallback)
    HAL_TIM_TriggerCallback                  0x08003a15   Thumb Code     2  stm32g0xx_hal_tim.o(i.HAL_TIM_TriggerCallback)
    HAL_UARTEx_DisableFifoMode               0x08003a17   Thumb Code    84  stm32g0xx_hal_uart_ex.o(i.HAL_UARTEx_DisableFifoMode)
    HAL_UARTEx_SetRxFifoThreshold            0x08003a6b   Thumb Code    96  stm32g0xx_hal_uart_ex.o(i.HAL_UARTEx_SetRxFifoThreshold)
    HAL_UARTEx_SetTxFifoThreshold            0x08003acb   Thumb Code    94  stm32g0xx_hal_uart_ex.o(i.HAL_UARTEx_SetTxFifoThreshold)
    HAL_UART_Init                            0x08003b29   Thumb Code   130  stm32g0xx_hal_uart.o(i.HAL_UART_Init)
    HAL_UART_MspInit                         0x08003bad   Thumb Code   112  stm32g0xx_hal_msp.o(i.HAL_UART_MspInit)
    HAL_UART_Transmit                        0x08003c25   Thumb Code   264  stm32g0xx_hal_uart.o(i.HAL_UART_Transmit)
    HardFault_Handler                        0x08003d2d   Thumb Code     4  stm32g0xx_it.o(i.HardFault_Handler)
    NMI_Handler                              0x08003d31   Thumb Code     2  stm32g0xx_it.o(i.NMI_Handler)
    SVC_Handler                              0x08003dad   Thumb Code     2  port.o(i.SVC_Handler)
    SysTick_Handler                          0x08003db1   Thumb Code    32  port.o(i.SysTick_Handler)
    SystemInit                               0x08003dd5   Thumb Code    10  system_stm32g0xx.o(i.SystemInit)
    TIM2_IRQHandler                          0x08003de5   Thumb Code    10  stm32g0xx_it.o(i.TIM2_IRQHandler)
    TIM3_IRQHandler                          0x08003df5   Thumb Code    10  stm32g0xx_it.o(i.TIM3_IRQHandler)
    TIM6_DAC_LPTIM1_IRQHandler               0x08003e05   Thumb Code    16  stm32g0xx_it.o(i.TIM6_DAC_LPTIM1_IRQHandler)
    TIM_Base_SetConfig                       0x08003e1d   Thumb Code   150  stm32g0xx_hal_tim.o(i.TIM_Base_SetConfig)
    TIM_CCxChannelCmd                        0x08003ecd   Thumb Code    34  stm32g0xx_hal_tim.o(i.TIM_CCxChannelCmd)
    TIM_ETR_SetConfig                        0x08003eef   Thumb Code    28  stm32g0xx_hal_tim.o(i.TIM_ETR_SetConfig)
    TIM_OC2_SetConfig                        0x08003fd5   Thumb Code   170  stm32g0xx_hal_tim.o(i.TIM_OC2_SetConfig)
    TIM_TI1_SetConfig                        0x080042e9   Thumb Code   102  stm32g0xx_hal_tim.o(i.TIM_TI1_SetConfig)
    UART_AdvFeatureConfig                    0x080044f1   Thumb Code   240  stm32g0xx_hal_uart.o(i.UART_AdvFeatureConfig)
    UART_CheckIdleState                      0x080045e1   Thumb Code   112  stm32g0xx_hal_uart.o(i.UART_CheckIdleState)
    UART_SetConfig                           0x08004655   Thumb Code  3228  stm32g0xx_hal_uart.o(i.UART_SetConfig)
    UART_WaitOnFlagUntilTimeout              0x080052f9   Thumb Code   112  stm32g0xx_hal_uart.o(i.UART_WaitOnFlagUntilTimeout)
    StartTaskUartDebug(const void*)          0x08005369   Thumb Code   282  main.o(i._Z18StartTaskUartDebugPKv)
    SystemClock_Config()                     0x080054bd   Thumb Code   126  main.o(i._Z18SystemClock_Configv)
    StartTaskLightFlash(const void*)         0x0800553b   Thumb Code    80  main.o(i._Z19StartTaskLightFlashPKv)
    StartTaskSensorRead(const void*)         0x0800558d   Thumb Code   224  main.o(i._Z19StartTaskSensorReadPKv)
    StartTaskSirenSound(const void*)         0x0800569d   Thumb Code   124  main.o(i._Z19StartTaskSirenSoundPKv)
    WaveGenerator::setDefaults()             0x08005721   Thumb Code    42  wavegeneration.o(i._ZN13WaveGenerator11setDefaultsEv)
    WaveGenerator::generateNextSample()      0x08005751   Thumb Code   664  wavegeneration.o(i._ZN13WaveGenerator18generateNextSampleEv)
    WaveGenerator::WaveGenerator(Waveform, int, float, int, Resolution) 0x08005a05   Thumb Code    30  wavegeneration.o(i._ZN13WaveGeneratorC1E8Waveformifi10Resolution)
    WaveGenerator::WaveGenerator__sub_object(Waveform, int, float, int, Resolution) 0x08005a05   Thumb Code     0  wavegeneration.o(i._ZN13WaveGeneratorC1E8Waveformifi10Resolution)
    WaveGenerator::WaveGenerator()           0x08005a23   Thumb Code    14  wavegeneration.o(i._ZN13WaveGeneratorC1Ev)
    WaveGenerator::WaveGenerator__sub_object() 0x08005a23   Thumb Code     0  wavegeneration.o(i._ZN13WaveGeneratorC1Ev)
    std::fmod(float, float)                  0x08005d8d   Thumb Code    16  wavegeneration.o(i._ZSt4fmodff)
    __ARM_common_ll_muluu                    0x08005d9d   Thumb Code    50  rred.o(i.__ARM_common_ll_muluu)
    __ARM_common_switch8                     0x08005dcf   Thumb Code    28  stm32g0xx_hal_tim.o(i.__ARM_common_switch8)
    __ARM_fpclassify                         0x08005ded   Thumb Code    40  fpclassify.o(i.__ARM_fpclassify)
    __ieee754_rem_pio2                       0x08005e19   Thumb Code   838  rred.o(i.__ieee754_rem_pio2)
    __kernel_cos                             0x080061b5   Thumb Code   224  cos_i.o(i.__kernel_cos)
    __kernel_poly                            0x080062a9   Thumb Code   172  poly.o(i.__kernel_poly)
    __kernel_sin                             0x08006355   Thumb Code   222  sin_i.o(i.__kernel_sin)
    __mathlib_dbl_infnan                     0x08006441   Thumb Code    10  dunder.o(i.__mathlib_dbl_infnan)
    __mathlib_dbl_invalid                    0x0800644b   Thumb Code    16  dunder.o(i.__mathlib_dbl_invalid)
    __mathlib_dbl_underflow                  0x0800645d   Thumb Code    14  dunder.o(i.__mathlib_dbl_underflow)
    __mathlib_flt_invalid                    0x08006471   Thumb Code    12  funder.o(i.__mathlib_flt_invalid)
    cos                                      0x0800648d   Thumb Code   142  cos.o(i.cos)
    fmodf                                    0x08006525   Thumb Code    96  fmodf.o(i.fmodf)
    main                                     0x08006599   Thumb Code   444  main.o(i.main)
    osDelay                                  0x080067b3   Thumb Code    26  cmsis_os.o(i.osDelay)
    osKernelStart                            0x080067cd   Thumb Code    10  cmsis_os.o(i.osKernelStart)
    osMailAlloc                              0x080067d7   Thumb Code    24  cmsis_os.o(i.osMailAlloc)
    osMailCAlloc                             0x080067ef   Thumb Code    42  cmsis_os.o(i.osMailCAlloc)
    osMailFree                               0x08006819   Thumb Code    24  cmsis_os.o(i.osMailFree)
    osMailGet                                0x08006831   Thumb Code   152  cmsis_os.o(i.osMailGet)
    osMailPut                                0x080068cd   Thumb Code    88  cmsis_os.o(i.osMailPut)
    osPoolAlloc                              0x08006929   Thumb Code   108  cmsis_os.o(i.osPoolAlloc)
    osPoolFree                               0x08006995   Thumb Code    82  cmsis_os.o(i.osPoolFree)
    osSignalSet                              0x080069e9   Thumb Code    88  cmsis_os.o(i.osSignalSet)
    osSignalWait                             0x08006a45   Thumb Code   108  cmsis_os.o(i.osSignalWait)
    osThreadCreate                           0x08006ab1   Thumb Code    48  cmsis_os.o(i.osThreadCreate)
    pcTaskGetName                            0x08006ae1   Thumb Code    32  tasks.o(i.pcTaskGetName)
    pvPortMalloc                             0x080070a9   Thumb Code   264  heap_4.o(i.pvPortMalloc)
    pxPortInitialiseStack                    0x080071c5   Thumb Code    26  port.o(i.pxPortInitialiseStack)
    uxListRemove                             0x080071e5   Thumb Code    40  list.o(i.uxListRemove)
    uxTaskGetStackHighWaterMark              0x0800720d   Thumb Code    32  tasks.o(i.uxTaskGetStackHighWaterMark)
    vListInitialise                          0x08007231   Thumb Code    26  list.o(i.vListInitialise)
    vListInitialiseItem                      0x0800724b   Thumb Code     6  list.o(i.vListInitialiseItem)
    vListInsert                              0x08007251   Thumb Code    54  list.o(i.vListInsert)
    vListInsertEnd                           0x08007287   Thumb Code    24  list.o(i.vListInsertEnd)
    vPortEnterCritical                       0x080072a1   Thumb Code    22  port.o(i.vPortEnterCritical)
    vPortExitCritical                        0x080072bd   Thumb Code    36  port.o(i.vPortExitCritical)
    vPortFree                                0x080072e5   Thumb Code   120  heap_4.o(i.vPortFree)
    vPortYield                               0x08007365   Thumb Code    18  port.o(i.vPortYield)
    vTaskDelay                               0x0800737d   Thumb Code    62  tasks.o(i.vTaskDelay)
    vTaskInternalSetTimeOutState             0x080073c1   Thumb Code    14  tasks.o(i.vTaskInternalSetTimeOutState)
    vTaskMissedYield                         0x080073d9   Thumb Code     8  tasks.o(i.vTaskMissedYield)
    vTaskPlaceOnEventList                    0x080073e5   Thumb Code    38  tasks.o(i.vTaskPlaceOnEventList)
    vTaskStartScheduler                      0x08007411   Thumb Code    80  tasks.o(i.vTaskStartScheduler)
    vTaskSuspendAll                          0x0800747d   Thumb Code    12  tasks.o(i.vTaskSuspendAll)
    vTaskSwitchContext                       0x0800748d   Thumb Code   108  tasks.o(i.vTaskSwitchContext)
    xPortStartScheduler                      0x0800750d   Thumb Code    48  port.o(i.xPortStartScheduler)
    xQueueGenericSend                        0x08007545   Thumb Code   346  queue.o(i.xQueueGenericSend)
    xQueueGenericSendFromISR                 0x0800769f   Thumb Code   188  queue.o(i.xQueueGenericSendFromISR)
    xQueueReceive                            0x0800775b   Thumb Code   312  queue.o(i.xQueueReceive)
    xQueueReceiveFromISR                     0x08007893   Thumb Code   158  queue.o(i.xQueueReceiveFromISR)
    xTaskCheckForTimeOut                     0x08007931   Thumb Code   106  tasks.o(i.xTaskCheckForTimeOut)
    xTaskCreate                              0x080079a5   Thumb Code    92  tasks.o(i.xTaskCreate)
    xTaskGenericNotify                       0x08007a01   Thumb Code   200  tasks.o(i.xTaskGenericNotify)
    xTaskGenericNotifyFromISR                0x08007ad5   Thumb Code   240  tasks.o(i.xTaskGenericNotifyFromISR)
    xTaskGetCurrentTaskHandle                0x08007bdd   Thumb Code     6  tasks.o(i.xTaskGetCurrentTaskHandle)
    xTaskGetSchedulerState                   0x08007be9   Thumb Code    28  tasks.o(i.xTaskGetSchedulerState)
    xTaskGetTickCount                        0x08007c0d   Thumb Code     6  tasks.o(i.xTaskGetTickCount)
    xTaskIncrementTick                       0x08007c19   Thumb Code   270  tasks.o(i.xTaskIncrementTick)
    xTaskNotifyWait                          0x08007d55   Thumb Code   138  tasks.o(i.xTaskNotifyWait)
    xTaskPriorityDisinherit                  0x08007de5   Thumb Code   124  tasks.o(i.xTaskPriorityDisinherit)
    xTaskRemoveFromEventList                 0x08007e6d   Thumb Code   112  tasks.o(i.xTaskRemoveFromEventList)
    xTaskResumeAll                           0x08007ef5   Thumb Code   206  tasks.o(i.xTaskResumeAll)
    __aeabi_fadd                             0x08007fe5   Thumb Code     0  faddsub.o(x$fpl$fadd)
    _fadd                                    0x08007fe5   Thumb Code   134  faddsub.o(x$fpl$fadd)
    __aeabi_cfcmple                          0x08008071   Thumb Code     0  flef.o(x$fpl$fleqf)
    _fcmple                                  0x08008071   Thumb Code    78  flef.o(x$fpl$fleqf)
    __aeabi_fmul                             0x080080c5   Thumb Code     0  fmul.o(x$fpl$fmul)
    _fmul                                    0x080080c5   Thumb Code   172  fmul.o(x$fpl$fmul)
    __aeabi_cfrcmple                         0x08008175   Thumb Code     0  frlef.o(x$fpl$frleqf)
    _frcmple                                 0x08008175   Thumb Code    84  frlef.o(x$fpl$frleqf)
    __aeabi_frsub                            0x080081cd   Thumb Code     0  faddsub.o(x$fpl$frsb)
    _frsb                                    0x080081cd   Thumb Code    24  faddsub.o(x$fpl$frsb)
    __aeabi_fsub                             0x080081e5   Thumb Code     0  faddsub.o(x$fpl$fsub)
    _fsub                                    0x080081e5   Thumb Code   204  faddsub.o(x$fpl$fsub)
    __I$use$fp                               0x080082b4   Number         0  usenofp.o(x$fpl$usenofp)
    AHBPrescTable                            0x08008340   Data          64  system_stm32g0xx.o(.constdata)
    APBPrescTable                            0x08008380   Data          32  system_stm32g0xx.o(.constdata)
    Region$$Table$$Base                      0x080085e0   Number         0  anon$$obj.o(Region$$Table)
    Region$$Table$$Limit                     0x08008600   Number         0  anon$$obj.o(Region$$Table)
    SHT$$INIT_ARRAY$$Base                    0x08008600   Number         0  main.o(.init_array)
    SHT$$INIT_ARRAY$$Limit                   0x08008604   Number         0  init_aeabi.o(.init_array)
    SirenSoundHandle                         0x20000000   Data           4  main.o(.data)
    LightFlashHandle                         0x20000004   Data           4  main.o(.data)
    SensorReadHandle                         0x20000008   Data           4  main.o(.data)
    UartDebugHandle                          0x2000000c   Data           4  main.o(.data)
    RightSirenSoundHandle                    0x20000010   Data           4  main.o(.data)
    RightLightFlashHandle                    0x20000014   Data           4  main.o(.data)
    RightSensorReadHandle                    0x20000018   Data           4  main.o(.data)
    UartMailbox                              0x2000001c   Data           4  main.o(.data)
    os_mailQ_cb_UartMailbox                  0x20000020   Data           4  main.o(.data)
    gau8_NUM_TIM3_ICP_READINGS_CHAN          0x20000024   Data           2  main.o(.data)
    gau16_TIM3_ICP_AVERAGE_CHAN              0x20000026   Data           4  main.o(.data)
    gu32_TIM3_ICP_SUM_CHAN                   0x2000002c   Data           8  main.o(.data)
    gu16_TIM3_CURR_ICP_CHAN                  0x20000034   Data           4  main.o(.data)
    gu16_TIM3_PREV_ICP_CHAN                  0x20000038   Data           4  main.o(.data)
    uwTick                                   0x2000003c   Data           4  stm32g0xx_hal.o(.data)
    uwTickPrio                               0x20000040   Data           4  stm32g0xx_hal.o(.data)
    uwTickFreq                               0x20000044   Data           4  stm32g0xx_hal.o(.data)
    SystemCoreClock                          0x20000048   Data           4  system_stm32g0xx.o(.data)
    pxCurrentTCB                             0x2000004c   Data           4  tasks.o(.data)
    hdac1                                    0x200000a4   Data          20  main.o(.bss)
    hdma_dac1_ch1                            0x200000b8   Data          92  main.o(.bss)
    hdma_dac1_ch2                            0x20000114   Data          92  main.o(.bss)
    hlpuart1                                 0x20000170   Data         140  main.o(.bss)
    htim3                                    0x200001fc   Data          64  main.o(.bss)
    htim6                                    0x2000023c   Data          64  main.o(.bss)
    htim14                                   0x2000027c   Data          64  main.o(.bss)
    sound_engine                             0x200002bc   Data          48  main.o(.bss)
    htim2                                    0x200002ec   Data          64  stm32g0xx_hal_timebase_tim.o(.bss)
    __libspace_start                         0x20001c1c   Data          96  libspace.o(.bss)
    __temporary_stack_top$libspace           0x20001c7c   Data           0  libspace.o(.bss)



==============================================================================

Memory Map of the image

  Image Entry point : 0x080000bd

  Load Region LR_IROM1 (Base: 0x08000000, Size: 0x000086a8, Max: 0x00020000, ABSOLUTE)

    Execution Region ER_IROM1 (Exec base: 0x08000000, Load base: 0x08000000, Size: 0x00008604, Max: 0x00020000, ABSOLUTE)

    Exec Addr    Load Addr    Size         Type   Attr      Idx    E Section Name        Object

    0x08000000   0x08000000   0x000000bc   Data   RO            3    RESET               startup_stm32g071xx.o
    0x080000bc   0x080000bc   0x00000008   Code   RO         5047  * !!!main             c_p.l(__main.o)
    0x080000c4   0x080000c4   0x0000003c   Code   RO         5365    !!!scatter          c_p.l(__scatter.o)
    0x08000100   0x08000100   0x0000001a   Code   RO         5367    !!handler_copy      c_p.l(__scatter_copy.o)
    0x0800011a   0x0800011a   0x00000002   PAD
    0x0800011c   0x0800011c   0x0000001c   Code   RO         5369    !!handler_zi        c_p.l(__scatter_zi.o)
    0x08000138   0x08000138   0x00000002   Code   RO         5026    .ARM.Collect$$_printf_percent$$00000000  c_p.l(_printf_percent.o)
    0x0800013a   0x0800013a   0x0000000a   Code   RO         5024    .ARM.Collect$$_printf_percent$$00000009  c_p.l(_printf_d.o)
    0x08000144   0x08000144   0x0000000a   Code   RO         5025    .ARM.Collect$$_printf_percent$$0000000A  c_p.l(_printf_u.o)
    0x0800014e   0x0800014e   0x00000004   Code   RO         5121    .ARM.Collect$$_printf_percent$$00000017  c_p.l(_printf_percent_end.o)
    0x08000152   0x08000152   0x00000002   Code   RO         5288    .ARM.Collect$$libinit$$00000000  c_p.l(libinit.o)
    0x08000154   0x08000154   0x00000000   Code   RO         5125    .ARM.Collect$$libinit$$00000002  c_p.l(libinit2.o)
    0x08000154   0x08000154   0x00000000   Code   RO         5127    .ARM.Collect$$libinit$$00000004  c_p.l(libinit2.o)
    0x08000154   0x08000154   0x00000000   Code   RO         5130    .ARM.Collect$$libinit$$0000000A  c_p.l(libinit2.o)
    0x08000154   0x08000154   0x00000000   Code   RO         5132    .ARM.Collect$$libinit$$0000000C  c_p.l(libinit2.o)
    0x08000154   0x08000154   0x00000000   Code   RO         5134    .ARM.Collect$$libinit$$0000000E  c_p.l(libinit2.o)
    0x08000154   0x08000154   0x00000000   Code   RO         5137    .ARM.Collect$$libinit$$00000011  c_p.l(libinit2.o)
    0x08000154   0x08000154   0x00000000   Code   RO         5139    .ARM.Collect$$libinit$$00000013  c_p.l(libinit2.o)
    0x08000154   0x08000154   0x00000000   Code   RO         5141    .ARM.Collect$$libinit$$00000015  c_p.l(libinit2.o)
    0x08000154   0x08000154   0x00000000   Code   RO         5143    .ARM.Collect$$libinit$$00000017  c_p.l(libinit2.o)
    0x08000154   0x08000154   0x00000000   Code   RO         5145    .ARM.Collect$$libinit$$00000019  c_p.l(libinit2.o)
    0x08000154   0x08000154   0x00000000   Code   RO         5147    .ARM.Collect$$libinit$$0000001B  c_p.l(libinit2.o)
    0x08000154   0x08000154   0x00000000   Code   RO         5149    .ARM.Collect$$libinit$$0000001D  c_p.l(libinit2.o)
    0x08000154   0x08000154   0x00000000   Code   RO         5151    .ARM.Collect$$libinit$$0000001F  c_p.l(libinit2.o)
    0x08000154   0x08000154   0x00000000   Code   RO         5153    .ARM.Collect$$libinit$$00000021  c_p.l(libinit2.o)
    0x08000154   0x08000154   0x00000000   Code   RO         5155    .ARM.Collect$$libinit$$00000023  c_p.l(libinit2.o)
    0x08000154   0x08000154   0x00000000   Code   RO         5157    .ARM.Collect$$libinit$$00000025  c_p.l(libinit2.o)
    0x08000154   0x08000154   0x00000000   Code   RO         5161    .ARM.Collect$$libinit$$0000002C  c_p.l(libinit2.o)
    0x08000154   0x08000154   0x00000000   Code   RO         5163    .ARM.Collect$$libinit$$0000002E  c_p.l(libinit2.o)
    0x08000154   0x08000154   0x00000000   Code   RO         5165    .ARM.Collect$$libinit$$00000030  c_p.l(libinit2.o)
    0x08000154   0x08000154   0x00000004   Code   RO         5166    .ARM.Collect$$libinit$$00000031  c_p.l(libinit2.o)
    0x08000158   0x08000158   0x00000000   Code   RO         5167    .ARM.Collect$$libinit$$00000032  c_p.l(libinit2.o)
    0x08000158   0x08000158   0x00000002   Code   RO         5168    .ARM.Collect$$libinit$$00000033  c_p.l(libinit2.o)
    0x0800015a   0x0800015a   0x00000002   Code   RO         5332    .ARM.Collect$$libshutdown$$00000000  c_p.l(libshutdown.o)
    0x0800015c   0x0800015c   0x00000000   Code   RO         5348    .ARM.Collect$$libshutdown$$00000002  c_p.l(libshutdown2.o)
    0x0800015c   0x0800015c   0x00000000   Code   RO         5350    .ARM.Collect$$libshutdown$$00000004  c_p.l(libshutdown2.o)
    0x0800015c   0x0800015c   0x00000000   Code   RO         5353    .ARM.Collect$$libshutdown$$00000007  c_p.l(libshutdown2.o)
    0x0800015c   0x0800015c   0x00000000   Code   RO         5356    .ARM.Collect$$libshutdown$$0000000A  c_p.l(libshutdown2.o)
    0x0800015c   0x0800015c   0x00000000   Code   RO         5358    .ARM.Collect$$libshutdown$$0000000C  c_p.l(libshutdown2.o)
    0x0800015c   0x0800015c   0x00000000   Code   RO         5361    .ARM.Collect$$libshutdown$$0000000F  c_p.l(libshutdown2.o)
    0x0800015c   0x0800015c   0x00000002   Code   RO         5362    .ARM.Collect$$libshutdown$$00000010  c_p.l(libshutdown2.o)
    0x0800015e   0x0800015e   0x00000000   Code   RO         5104    .ARM.Collect$$rtentry$$00000000  c_p.l(__rtentry.o)
    0x0800015e   0x0800015e   0x00000000   Code   RO         5221    .ARM.Collect$$rtentry$$00000002  c_p.l(__rtentry2.o)
    0x0800015e   0x0800015e   0x00000006   Code   RO         5233    .ARM.Collect$$rtentry$$00000004  c_p.l(__rtentry4.o)
    0x08000164   0x08000164   0x00000000   Code   RO         5223    .ARM.Collect$$rtentry$$00000009  c_p.l(__rtentry2.o)
    0x08000164   0x08000164   0x00000004   Code   RO         5224    .ARM.Collect$$rtentry$$0000000A  c_p.l(__rtentry2.o)
    0x08000168   0x08000168   0x00000000   Code   RO         5226    .ARM.Collect$$rtentry$$0000000C  c_p.l(__rtentry2.o)
    0x08000168   0x08000168   0x00000008   Code   RO         5227    .ARM.Collect$$rtentry$$0000000D  c_p.l(__rtentry2.o)
    0x08000170   0x08000170   0x00000002   Code   RO         5294    .ARM.Collect$$rtexit$$00000000  c_p.l(rtexit.o)
    0x08000172   0x08000172   0x00000000   Code   RO         5314    .ARM.Collect$$rtexit$$00000002  c_p.l(rtexit2.o)
    0x08000172   0x08000172   0x00000004   Code   RO         5315    .ARM.Collect$$rtexit$$00000003  c_p.l(rtexit2.o)
    0x08000176   0x08000176   0x00000006   Code   RO         5316    .ARM.Collect$$rtexit$$00000004  c_p.l(rtexit2.o)
    0x0800017c   0x0800017c   0x00000078   Code   RO         4920    .emb_text           port.o
    0x080001f4   0x080001f4   0x00000038   Code   RO         5031    .emb_text           c_p.l(rt_memcpy.o)
    0x0800022c   0x0800022c   0x00000038   Code   RO            4    .text               startup_stm32g071xx.o
    0x08000264   0x08000264   0x00000030   Code   RO         4992    .text               c_p.l(llmul.o)
    0x08000294   0x08000294   0x00000102   Code   RO         4994    .text               c_p.l(lludiv.o)
    0x08000396   0x08000396   0x00000002   PAD
    0x08000398   0x08000398   0x00000028   Code   RO         4998    .text               c_p.l(noretval__2sprintf.o)
    0x080003c0   0x080003c0   0x0000006c   Code   RO         5002    .text               c_p.l(_printf_dec.o)
    0x0800042c   0x0800042c   0x000000be   Code   RO         5007    .text               c_p.l(__printf_ss.o)
    0x080004ea   0x080004ea   0x00000002   PAD
    0x080004ec   0x080004ec   0x0000004c   Code   RO         5027    .text               c_p.l(strcpy.o)
    0x08000538   0x08000538   0x00000044   Code   RO         5029    .text               c_p.l(strlen.o)
    0x0800057c   0x0800057c   0x00000082   Code   RO         5032    .text               c_p.l(rt_memcpy.o)
    0x080005fe   0x080005fe   0x00000012   Code   RO         5037    .text               c_p.l(aeabi_memset.o)
    0x08000610   0x08000610   0x00000040   Code   RO         5039    .text               c_p.l(rt_memclr.o)
    0x08000650   0x08000650   0x0000015a   Code   RO         5041    .text               c_p.l(aeabi_sdiv.o)
    0x080007aa   0x080007aa   0x00000006   Code   RO         5045    .text               c_p.l(heapauxi.o)
    0x080007b0   0x080007b0   0x00000024   Code   RO         5052    .text               c_p.l(init_aeabi.o)
    0x080007d4   0x080007d4   0x0000007c   Code   RO         5055    .text               fz_ps.l(d2f.o)
    0x08000850   0x08000850   0x00000358   Code   RO         5057    .text               fz_ps.l(daddsub.o)
    0x08000ba8   0x08000ba8   0x00000048   Code   RO         5059    .text               fz_ps.l(dfixui.o)
    0x08000bf0   0x08000bf0   0x00000058   Code   RO         5061    .text               fz_ps.l(dflti.o)
    0x08000c48   0x08000c48   0x00000248   Code   RO         5065    .text               fz_ps.l(dmul.o)
    0x08000e90   0x08000e90   0x00000054   Code   RO         5067    .text               fz_ps.l(f2d.o)
    0x08000ee4   0x08000ee4   0x00000160   Code   RO         5075    .text               fz_ps.l(fdiv.o)
    0x08001044   0x08001044   0x0000004c   Code   RO         5078    .text               fz_ps.l(ffixi.o)
    0x08001090   0x08001090   0x0000005e   Code   RO         5080    .text               fz_ps.l(fflti.o)
    0x080010ee   0x080010ee   0x00000016   Code   RO         5113    .text               c_p.l(_rserrno.o)
    0x08001104   0x08001104   0x000000b0   Code   RO         5115    .text               c_p.l(_printf_intcommon.o)
    0x080011b4   0x080011b4   0x00000030   Code   RO         5117    .text               c_p.l(_printf_char_common.o)
    0x080011e4   0x080011e4   0x0000000a   Code   RO         5119    .text               c_p.l(_sputc.o)
    0x080011ee   0x080011ee   0x00000028   Code   RO         5122    .text               c_p.l(rtudiv10.o)
    0x08001216   0x08001216   0x00000002   PAD
    0x08001218   0x08001218   0x00000064   Code   RO         5171    .text               fz_ps.l(fcmpin.o)
    0x0800127c   0x0800127c   0x00000118   Code   RO         5173    .text               fz_ps.l(frem.o)
    0x08001394   0x08001394   0x00000008   Code   RO         5240    .text               c_p.l(rt_errno_addr_intlibspace.o)
    0x0800139c   0x0800139c   0x0000002e   Code   RO         5246    .text               fz_ps.l(cmpret.o)
    0x080013ca   0x080013ca   0x00000002   PAD
    0x080013cc   0x080013cc   0x00000448   Code   RO         5248    .text               fz_ps.l(ddiv.o)
    0x08001814   0x08001814   0x0000006c   Code   RO         5251    .text               fz_ps.l(dfixi.o)
    0x08001880   0x08001880   0x00000060   Code   RO         5255    .text               fz_ps.l(dscalbn.o)
    0x080018e0   0x080018e0   0x00000010   Code   RO         5257    .text               fz_ps.l(fnan2.o)
    0x080018f0   0x080018f0   0x00000008   Code   RO         5267    .text               c_p.l(libspace.o)
    0x080018f8   0x080018f8   0x0000003e   Code   RO         5270    .text               c_p.l(sys_stackheap_outer.o)
    0x08001936   0x08001936   0x00000010   Code   RO         5273    .text               c_p.l(exit.o)
    0x08001946   0x08001946   0x0000005e   Code   RO         5289    .text               fz_ps.l(retnan.o)
    0x080019a4   0x080019a4   0x0000000c   Code   RO         5308    .text               c_p.l(sys_exit.o)
    0x080019b0   0x080019b0   0x00000002   Code   RO         5310    .text               c_p.l(use_no_semi.o)
    0x080019b2   0x080019b2   0x00000000   Code   RO         5312    .text               c_p.l(indicate_semi.o)
    0x080019b2   0x080019b2   0x00000002   PAD
    0x080019b4   0x080019b4   0x00000010   Code   RO          577    i.DMA1_Channel1_IRQHandler  stm32g0xx_it.o
    0x080019c4   0x080019c4   0x00000010   Code   RO          578    i.DMA1_Channel2_3_IRQHandler  stm32g0xx_it.o
    0x080019d4   0x080019d4   0x00000034   Code   RO         2914    i.DMA_CalcDMAMUXChannelBaseAndMask  stm32g0xx_hal_dma.o
    0x08001a08   0x08001a08   0x00000024   Code   RO         2915    i.DMA_CalcDMAMUXRequestGenBaseAndMask  stm32g0xx_hal_dma.o
    0x08001a2c   0x08001a2c   0x00000002   Code   RO          146    i.Error_Handler     main.o
    0x08001a2e   0x08001a2e   0x00000002   Code   RO          970    i.HAL_DACEx_DMAUnderrunCallbackCh2  stm32g0xx_hal_dac_ex.o
    0x08001a30   0x08001a30   0x000001ac   Code   RO          828    i.HAL_DAC_ConfigChannel  stm32g0xx_hal_dac.o
    0x08001bdc   0x08001bdc   0x00000002   Code   RO          831    i.HAL_DAC_DMAUnderrunCallbackCh1  stm32g0xx_hal_dac.o
    0x08001bde   0x08001bde   0x00000082   Code   RO          837    i.HAL_DAC_IRQHandler  stm32g0xx_hal_dac.o
    0x08001c60   0x08001c60   0x0000002a   Code   RO          838    i.HAL_DAC_Init      stm32g0xx_hal_dac.o
    0x08001c8a   0x08001c8a   0x00000002   PAD
    0x08001c8c   0x08001c8c   0x00000100   Code   RO          660    i.HAL_DAC_MspInit   stm32g0xx_hal_msp.o
    0x08001d8c   0x08001d8c   0x0000002e   Code   RO          841    i.HAL_DAC_SetValue  stm32g0xx_hal_dac.o
    0x08001dba   0x08001dba   0x00000078   Code   RO          842    i.HAL_DAC_Start     stm32g0xx_hal_dac.o
    0x08001e32   0x08001e32   0x00000002   PAD
    0x08001e34   0x08001e34   0x00000120   Code   RO         2922    i.HAL_DMA_IRQHandler  stm32g0xx_hal_dma.o
    0x08001f54   0x08001f54   0x000000bc   Code   RO         2923    i.HAL_DMA_Init      stm32g0xx_hal_dma.o
    0x08002010   0x08002010   0x0000002c   Code   RO         3438    i.HAL_Delay         stm32g0xx_hal.o
    0x0800203c   0x0800203c   0x000001d0   Code   RO          761    i.HAL_GPIO_Init     stm32g0xx_hal_gpio.o
    0x0800220c   0x0800220c   0x00000010   Code   RO          764    i.HAL_GPIO_TogglePin  stm32g0xx_hal_gpio.o
    0x0800221c   0x0800221c   0x0000000c   Code   RO          765    i.HAL_GPIO_WritePin  stm32g0xx_hal_gpio.o
    0x08002228   0x08002228   0x0000000c   Code   RO         3442    i.HAL_GetTick       stm32g0xx_hal.o
    0x08002234   0x08002234   0x00000018   Code   RO         3448    i.HAL_IncTick       stm32g0xx_hal.o
    0x0800224c   0x0800224c   0x0000002c   Code   RO         3449    i.HAL_Init          stm32g0xx_hal.o
    0x08002278   0x08002278   0x0000008c   Code   RO          722    i.HAL_InitTick      stm32g0xx_hal_timebase_tim.o
    0x08002304   0x08002304   0x00000050   Code   RO          661    i.HAL_MspInit       stm32g0xx_hal_msp.o
    0x08002354   0x08002354   0x00000018   Code   RO         3326    i.HAL_NVIC_EnableIRQ  stm32g0xx_hal_cortex.o
    0x0800236c   0x0800236c   0x00000012   Code   RO         3330    i.HAL_NVIC_SetPriority  stm32g0xx_hal_cortex.o
    0x0800237e   0x0800237e   0x00000002   PAD
    0x08002380   0x08002380   0x00000058   Code   RO         3181    i.HAL_PWREx_ControlVoltageScaling  stm32g0xx_hal_pwr_ex.o
    0x080023d8   0x080023d8   0x000002f4   Code   RO         2626    i.HAL_RCCEx_PeriphCLKConfig  stm32g0xx_hal_rcc_ex.o
    0x080026cc   0x080026cc   0x000001d4   Code   RO         2516    i.HAL_RCC_ClockConfig  stm32g0xx_hal_rcc.o
    0x080028a0   0x080028a0   0x0000003c   Code   RO         2521    i.HAL_RCC_GetClockConfig  stm32g0xx_hal_rcc.o
    0x080028dc   0x080028dc   0x0000000c   Code   RO         2522    i.HAL_RCC_GetHCLKFreq  stm32g0xx_hal_rcc.o
    0x080028e8   0x080028e8   0x00000028   Code   RO         2524    i.HAL_RCC_GetPCLK1Freq  stm32g0xx_hal_rcc.o
    0x08002910   0x08002910   0x000000e4   Code   RO         2525    i.HAL_RCC_GetSysClockFreq  stm32g0xx_hal_rcc.o
    0x080029f4   0x080029f4   0x000005c4   Code   RO         2529    i.HAL_RCC_OscConfig  stm32g0xx_hal_rcc.o
    0x08002fb8   0x08002fb8   0x00000002   Code   RO         2232    i.HAL_TIMEx_Break2Callback  stm32g0xx_hal_tim_ex.o
    0x08002fba   0x08002fba   0x00000002   Code   RO         2233    i.HAL_TIMEx_BreakCallback  stm32g0xx_hal_tim_ex.o
    0x08002fbc   0x08002fbc   0x00000002   Code   RO         2234    i.HAL_TIMEx_CommutCallback  stm32g0xx_hal_tim_ex.o
    0x08002fbe   0x08002fbe   0x00000002   PAD
    0x08002fc0   0x08002fc0   0x00000078   Code   RO         2254    i.HAL_TIMEx_MasterConfigSynchronization  stm32g0xx_hal_tim_ex.o
    0x08003038   0x08003038   0x00000038   Code   RO         1538    i.HAL_TIM_Base_Init  stm32g0xx_hal_tim.o
    0x08003070   0x08003070   0x000000f0   Code   RO          663    i.HAL_TIM_Base_MspInit  stm32g0xx_hal_msp.o
    0x08003160   0x08003160   0x00000038   Code   RO         1543    i.HAL_TIM_Base_Start_IT  stm32g0xx_hal_tim.o
    0x08003198   0x08003198   0x00000110   Code   RO         1547    i.HAL_TIM_ConfigClockSource  stm32g0xx_hal_tim.o
    0x080032a8   0x080032a8   0x000000ec   Code   RO          147    i.HAL_TIM_IC_CaptureCallback  main.o
    0x08003394   0x08003394   0x000000e2   Code   RO         1569    i.HAL_TIM_IC_ConfigChannel  stm32g0xx_hal_tim.o
    0x08003476   0x08003476   0x00000038   Code   RO         1572    i.HAL_TIM_IC_Init   stm32g0xx_hal_tim.o
    0x080034ae   0x080034ae   0x00000002   Code   RO         1574    i.HAL_TIM_IC_MspInit  stm32g0xx_hal_tim.o
    0x080034b0   0x080034b0   0x00000084   Code   RO         1577    i.HAL_TIM_IC_Start_IT  stm32g0xx_hal_tim.o
    0x08003534   0x08003534   0x000001f8   Code   RO         1581    i.HAL_TIM_IRQHandler  stm32g0xx_hal_tim.o
    0x0800372c   0x0800372c   0x0000005c   Code   RO          664    i.HAL_TIM_MspPostInit  stm32g0xx_hal_msp.o
    0x08003788   0x08003788   0x00000002   Code   RO         1584    i.HAL_TIM_OC_DelayElapsedCallback  stm32g0xx_hal_tim.o
    0x0800378a   0x0800378a   0x00000182   Code   RO         1605    i.HAL_TIM_PWM_ConfigChannel  stm32g0xx_hal_tim.o
    0x0800390c   0x0800390c   0x00000038   Code   RO         1608    i.HAL_TIM_PWM_Init  stm32g0xx_hal_tim.o
    0x08003944   0x08003944   0x00000002   Code   RO         1610    i.HAL_TIM_PWM_MspInit  stm32g0xx_hal_tim.o
    0x08003946   0x08003946   0x00000002   Code   RO         1611    i.HAL_TIM_PWM_PulseFinishedCallback  stm32g0xx_hal_tim.o
    0x08003948   0x08003948   0x00000080   Code   RO         1613    i.HAL_TIM_PWM_Start  stm32g0xx_hal_tim.o
    0x080039c8   0x080039c8   0x0000004c   Code   RO          148    i.HAL_TIM_PeriodElapsedCallback  main.o
    0x08003a14   0x08003a14   0x00000002   Code   RO         1624    i.HAL_TIM_TriggerCallback  stm32g0xx_hal_tim.o
    0x08003a16   0x08003a16   0x00000054   Code   RO         1442    i.HAL_UARTEx_DisableFifoMode  stm32g0xx_hal_uart_ex.o
    0x08003a6a   0x08003a6a   0x00000060   Code   RO         1447    i.HAL_UARTEx_SetRxFifoThreshold  stm32g0xx_hal_uart_ex.o
    0x08003aca   0x08003aca   0x0000005e   Code   RO         1448    i.HAL_UARTEx_SetTxFifoThreshold  stm32g0xx_hal_uart_ex.o
    0x08003b28   0x08003b28   0x00000082   Code   RO         1089    i.HAL_UART_Init     stm32g0xx_hal_uart.o
    0x08003baa   0x08003baa   0x00000002   PAD
    0x08003bac   0x08003bac   0x00000078   Code   RO          666    i.HAL_UART_MspInit  stm32g0xx_hal_msp.o
    0x08003c24   0x08003c24   0x00000108   Code   RO         1097    i.HAL_UART_Transmit  stm32g0xx_hal_uart.o
    0x08003d2c   0x08003d2c   0x00000004   Code   RO          579    i.HardFault_Handler  stm32g0xx_it.o
    0x08003d30   0x08003d30   0x00000002   Code   RO          580    i.NMI_Handler       stm32g0xx_it.o
    0x08003d32   0x08003d32   0x00000002   PAD
    0x08003d34   0x08003d34   0x00000078   Code   RO         3336    i.NVIC_SetPriority  stm32g0xx_hal_cortex.o
    0x08003dac   0x08003dac   0x00000002   Code   RO         4921    i.SVC_Handler       port.o
    0x08003dae   0x08003dae   0x00000002   PAD
    0x08003db0   0x08003db0   0x00000024   Code   RO         4922    i.SysTick_Handler   port.o
    0x08003dd4   0x08003dd4   0x00000010   Code   RO         3720    i.SystemInit        system_stm32g0xx.o
    0x08003de4   0x08003de4   0x00000010   Code   RO          581    i.TIM2_IRQHandler   stm32g0xx_it.o
    0x08003df4   0x08003df4   0x00000010   Code   RO          582    i.TIM3_IRQHandler   stm32g0xx_it.o
    0x08003e04   0x08003e04   0x00000018   Code   RO          583    i.TIM6_DAC_LPTIM1_IRQHandler  stm32g0xx_it.o
    0x08003e1c   0x08003e1c   0x000000b0   Code   RO         1626    i.TIM_Base_SetConfig  stm32g0xx_hal_tim.o
    0x08003ecc   0x08003ecc   0x00000022   Code   RO         1627    i.TIM_CCxChannelCmd  stm32g0xx_hal_tim.o
    0x08003eee   0x08003eee   0x0000001c   Code   RO         1637    i.TIM_ETR_SetConfig  stm32g0xx_hal_tim.o
    0x08003f0a   0x08003f0a   0x00000002   PAD
    0x08003f0c   0x08003f0c   0x00000018   Code   RO         1638    i.TIM_ITRx_SetConfig  stm32g0xx_hal_tim.o
    0x08003f24   0x08003f24   0x000000b0   Code   RO         1639    i.TIM_OC1_SetConfig  stm32g0xx_hal_tim.o
    0x08003fd4   0x08003fd4   0x000000c0   Code   RO         1640    i.TIM_OC2_SetConfig  stm32g0xx_hal_tim.o
    0x08004094   0x08004094   0x000000bc   Code   RO         1641    i.TIM_OC3_SetConfig  stm32g0xx_hal_tim.o
    0x08004150   0x08004150   0x00000080   Code   RO         1642    i.TIM_OC4_SetConfig  stm32g0xx_hal_tim.o
    0x080041d0   0x080041d0   0x00000070   Code   RO         1643    i.TIM_OC5_SetConfig  stm32g0xx_hal_tim.o
    0x08004240   0x08004240   0x00000074   Code   RO         1644    i.TIM_OC6_SetConfig  stm32g0xx_hal_tim.o
    0x080042b4   0x080042b4   0x00000032   Code   RO         1646    i.TIM_TI1_ConfigInputStage  stm32g0xx_hal_tim.o
    0x080042e6   0x080042e6   0x00000002   PAD
    0x080042e8   0x080042e8   0x00000074   Code   RO         1647    i.TIM_TI1_SetConfig  stm32g0xx_hal_tim.o
    0x0800435c   0x0800435c   0x00000032   Code   RO         1648    i.TIM_TI2_ConfigInputStage  stm32g0xx_hal_tim.o
    0x0800438e   0x0800438e   0x00000048   Code   RO         1649    i.TIM_TI2_SetConfig  stm32g0xx_hal_tim.o
    0x080043d6   0x080043d6   0x00000046   Code   RO         1650    i.TIM_TI3_SetConfig  stm32g0xx_hal_tim.o
    0x0800441c   0x0800441c   0x0000004e   Code   RO         1651    i.TIM_TI4_SetConfig  stm32g0xx_hal_tim.o
    0x0800446a   0x0800446a   0x00000002   PAD
    0x0800446c   0x0800446c   0x00000084   Code   RO         1452    i.UARTEx_SetNbDataToProcess  stm32g0xx_hal_uart_ex.o
    0x080044f0   0x080044f0   0x000000f0   Code   RO         1102    i.UART_AdvFeatureConfig  stm32g0xx_hal_uart.o
    0x080045e0   0x080045e0   0x00000074   Code   RO         1103    i.UART_CheckIdleState  stm32g0xx_hal_uart.o
    0x08004654   0x08004654   0x00000ca4   Code   RO         1121    i.UART_SetConfig    stm32g0xx_hal_uart.o
    0x080052f8   0x080052f8   0x00000070   Code   RO         1126    i.UART_WaitOnFlagUntilTimeout  stm32g0xx_hal_uart.o
    0x08005368   0x08005368   0x00000154   Code   RO          149    i._Z18StartTaskUartDebugPKv  main.o
    0x080054bc   0x080054bc   0x0000007e   Code   RO          150    i._Z18SystemClock_Configv  main.o
    0x0800553a   0x0800553a   0x00000050   Code   RO          151    i._Z19StartTaskLightFlashPKv  main.o
    0x0800558a   0x0800558a   0x00000002   PAD
    0x0800558c   0x0800558c   0x00000110   Code   RO          152    i._Z19StartTaskSensorReadPKv  main.o
    0x0800569c   0x0800569c   0x00000084   Code   RO          153    i._Z19StartTaskSirenSoundPKv  main.o
    0x08005720   0x08005720   0x00000030   Code   RO           10    i._ZN13WaveGenerator11setDefaultsEv  wavegeneration.o
    0x08005750   0x08005750   0x000002b4   Code   RO           17    i._ZN13WaveGenerator18generateNextSampleEv  wavegeneration.o
    0x08005a04   0x08005a04   0x0000001e   Code   RO           25    i._ZN13WaveGeneratorC1E8Waveformifi10Resolution  wavegeneration.o
    0x08005a22   0x08005a22   0x0000000e   Code   RO           26    i._ZN13WaveGeneratorC1Ev  wavegeneration.o
    0x08005a30   0x08005a30   0x00000044   Code   RO          154    i._ZN27_INTERNAL_6_main_c_dc821f8911MX_DMA_InitEv  main.o
    0x08005a74   0x08005a74   0x00000064   Code   RO          155    i._ZN27_INTERNAL_6_main_c_dc821f8912MX_DAC1_InitEv  main.o
    0x08005ad8   0x08005ad8   0x000000b8   Code   RO          156    i._ZN27_INTERNAL_6_main_c_dc821f8912MX_GPIO_InitEv  main.o
    0x08005b90   0x08005b90   0x000000c0   Code   RO          157    i._ZN27_INTERNAL_6_main_c_dc821f8912MX_TIM3_InitEv  main.o
    0x08005c50   0x08005c50   0x00000054   Code   RO          158    i._ZN27_INTERNAL_6_main_c_dc821f8912MX_TIM6_InitEv  main.o
    0x08005ca4   0x08005ca4   0x00000074   Code   RO          159    i._ZN27_INTERNAL_6_main_c_dc821f8913MX_TIM14_InitEv  main.o
    0x08005d18   0x08005d18   0x00000074   Code   RO          160    i._ZN27_INTERNAL_6_main_c_dc821f8920MX_LPUART1_UART_InitEv  main.o
    0x08005d8c   0x08005d8c   0x00000010   Code   RO          115    i._ZSt4fmodff       wavegeneration.o
    0x08005d9c   0x08005d9c   0x00000032   Code   RO         5212    i.__ARM_common_ll_muluu  m_ps.l(rred.o)
    0x08005dce   0x08005dce   0x0000001c   Code   RO         2225    i.__ARM_common_switch8  stm32g0xx_hal_tim.o
    0x08005dea   0x08005dea   0x00000002   PAD
    0x08005dec   0x08005dec   0x0000002c   Code   RO         5263    i.__ARM_fpclassify  m_ps.l(fpclassify.o)
    0x08005e18   0x08005e18   0x0000039c   Code   RO         5207    i.__ieee754_rem_pio2  m_ps.l(rred.o)
    0x080061b4   0x080061b4   0x000000f4   Code   RO         5176    i.__kernel_cos      m_ps.l(cos_i.o)
    0x080062a8   0x080062a8   0x000000ac   Code   RO         5265    i.__kernel_poly     m_ps.l(poly.o)
    0x08006354   0x08006354   0x000000ec   Code   RO         5214    i.__kernel_sin      m_ps.l(sin_i.o)
    0x08006440   0x08006440   0x0000000a   Code   RO         5180    i.__mathlib_dbl_infnan  m_ps.l(dunder.o)
    0x0800644a   0x0800644a   0x00000010   Code   RO         5182    i.__mathlib_dbl_invalid  m_ps.l(dunder.o)
    0x0800645a   0x0800645a   0x00000002   PAD
    0x0800645c   0x0800645c   0x00000014   Code   RO         5185    i.__mathlib_dbl_underflow  m_ps.l(dunder.o)
    0x08006470   0x08006470   0x0000000c   Code   RO         5196    i.__mathlib_flt_invalid  m_ps.l(funder.o)
    0x0800647c   0x0800647c   0x00000010   Code   RO          161    i.__sti___6_main_c_dc821f89  main.o
    0x0800648c   0x0800648c   0x00000098   Code   RO         5089    i.cos               m_ps.l(cos.o)
    0x08006524   0x08006524   0x00000060   Code   RO         5097    i.fmodf             m_ps.l(fmodf.o)
    0x08006584   0x08006584   0x00000012   Code   RO         4508    i.inHandlerMode     cmsis_os.o
    0x08006596   0x08006596   0x00000002   PAD
    0x08006598   0x08006598   0x0000020c   Code   RO          162    i.main              main.o
    0x080067a4   0x080067a4   0x0000000e   Code   RO         4510    i.makeFreeRtosPriority  cmsis_os.o
    0x080067b2   0x080067b2   0x0000001a   Code   RO         4512    i.osDelay           cmsis_os.o
    0x080067cc   0x080067cc   0x0000000a   Code   RO         4515    i.osKernelStart     cmsis_os.o
    0x080067d6   0x080067d6   0x00000018   Code   RO         4517    i.osMailAlloc       cmsis_os.o
    0x080067ee   0x080067ee   0x0000002a   Code   RO         4518    i.osMailCAlloc      cmsis_os.o
    0x08006818   0x08006818   0x00000018   Code   RO         4520    i.osMailFree        cmsis_os.o
    0x08006830   0x08006830   0x0000009c   Code   RO         4521    i.osMailGet         cmsis_os.o
    0x080068cc   0x080068cc   0x0000005c   Code   RO         4522    i.osMailPut         cmsis_os.o
    0x08006928   0x08006928   0x0000006c   Code   RO         4534    i.osPoolAlloc       cmsis_os.o
    0x08006994   0x08006994   0x00000052   Code   RO         4537    i.osPoolFree        cmsis_os.o
    0x080069e6   0x080069e6   0x00000002   PAD
    0x080069e8   0x080069e8   0x0000005c   Code   RO         4546    i.osSignalSet       cmsis_os.o
    0x08006a44   0x08006a44   0x0000006c   Code   RO         4547    i.osSignalWait      cmsis_os.o
    0x08006ab0   0x08006ab0   0x00000030   Code   RO         4549    i.osThreadCreate    cmsis_os.o
    0x08006ae0   0x08006ae0   0x00000024   Code   RO         4180    i.pcTaskGetName     tasks.o
    0x08006b04   0x08006b04   0x0000007c   Code   RO         4181    i.prvAddCurrentTaskToDelayedList  tasks.o
    0x08006b80   0x08006b80   0x000000a4   Code   RO         4182    i.prvAddNewTaskToReadyList  tasks.o
    0x08006c24   0x08006c24   0x00000048   Code   RO         4183    i.prvCheckTasksWaitingTermination  tasks.o
    0x08006c6c   0x08006c6c   0x0000002c   Code   RO         3873    i.prvCopyDataFromQueue  queue.o
    0x08006c98   0x08006c98   0x00000080   Code   RO         3874    i.prvCopyDataToQueue  queue.o
    0x08006d18   0x08006d18   0x00000012   Code   RO         4184    i.prvDeleteTCB      tasks.o
    0x08006d2a   0x08006d2a   0x00000002   PAD
    0x08006d2c   0x08006d2c   0x0000007c   Code   RO         4871    i.prvHeapInit       heap_4.o
    0x08006da8   0x08006da8   0x00000018   Code   RO         4185    i.prvIdleTask       tasks.o
    0x08006dc0   0x08006dc0   0x000000b0   Code   RO         4186    i.prvInitialiseNewTask  tasks.o
    0x08006e70   0x08006e70   0x00000064   Code   RO         4187    i.prvInitialiseTaskLists  tasks.o
    0x08006ed4   0x08006ed4   0x00000068   Code   RO         4872    i.prvInsertBlockIntoFreeList  heap_4.o
    0x08006f3c   0x08006f3c   0x0000001c   Code   RO         3878    i.prvIsQueueEmpty   queue.o
    0x08006f58   0x08006f58   0x0000001e   Code   RO         3879    i.prvIsQueueFull    queue.o
    0x08006f76   0x08006f76   0x00000002   PAD
    0x08006f78   0x08006f78   0x00000038   Code   RO         4188    i.prvResetNextTaskUnblockTime  tasks.o
    0x08006fb0   0x08006fb0   0x0000002c   Code   RO         4923    i.prvSetupTimerInterrupt  port.o
    0x08006fdc   0x08006fdc   0x00000016   Code   RO         4189    i.prvTaskCheckFreeStackSpace  tasks.o
    0x08006ff2   0x08006ff2   0x00000002   PAD
    0x08006ff4   0x08006ff4   0x00000024   Code   RO         4924    i.prvTaskExitError  port.o
    0x08007018   0x08007018   0x0000008e   Code   RO         3880    i.prvUnlockQueue    queue.o
    0x080070a6   0x080070a6   0x00000002   PAD
    0x080070a8   0x080070a8   0x0000011c   Code   RO         4873    i.pvPortMalloc      heap_4.o
    0x080071c4   0x080071c4   0x00000020   Code   RO         4925    i.pxPortInitialiseStack  port.o
    0x080071e4   0x080071e4   0x00000028   Code   RO         3836    i.uxListRemove      list.o
    0x0800720c   0x0800720c   0x00000024   Code   RO         4194    i.uxTaskGetStackHighWaterMark  tasks.o
    0x08007230   0x08007230   0x0000001a   Code   RO         3837    i.vListInitialise   list.o
    0x0800724a   0x0800724a   0x00000006   Code   RO         3838    i.vListInitialiseItem  list.o
    0x08007250   0x08007250   0x00000036   Code   RO         3839    i.vListInsert       list.o
    0x08007286   0x08007286   0x00000018   Code   RO         3840    i.vListInsertEnd    list.o
    0x0800729e   0x0800729e   0x00000002   PAD
    0x080072a0   0x080072a0   0x0000001c   Code   RO         4927    i.vPortEnterCritical  port.o
    0x080072bc   0x080072bc   0x00000028   Code   RO         4928    i.vPortExitCritical  port.o
    0x080072e4   0x080072e4   0x00000080   Code   RO         4874    i.vPortFree         heap_4.o
    0x08007364   0x08007364   0x00000018   Code   RO         4929    i.vPortYield        port.o
    0x0800737c   0x0800737c   0x00000044   Code   RO         4198    i.vTaskDelay        tasks.o
    0x080073c0   0x080073c0   0x00000018   Code   RO         4202    i.vTaskInternalSetTimeOutState  tasks.o
    0x080073d8   0x080073d8   0x0000000c   Code   RO         4203    i.vTaskMissedYield  tasks.o
    0x080073e4   0x080073e4   0x0000002c   Code   RO         4205    i.vTaskPlaceOnEventList  tasks.o
    0x08007410   0x08007410   0x0000006c   Code   RO         4212    i.vTaskStartScheduler  tasks.o
    0x0800747c   0x0800747c   0x00000010   Code   RO         4214    i.vTaskSuspendAll   tasks.o
    0x0800748c   0x0800748c   0x00000080   Code   RO         4215    i.vTaskSwitchContext  tasks.o
    0x0800750c   0x0800750c   0x00000038   Code   RO         4930    i.xPortStartScheduler  port.o
    0x08007544   0x08007544   0x0000015a   Code   RO         3890    i.xQueueGenericSend  queue.o
    0x0800769e   0x0800769e   0x000000bc   Code   RO         3891    i.xQueueGenericSendFromISR  queue.o
    0x0800775a   0x0800775a   0x00000138   Code   RO         3897    i.xQueueReceive     queue.o
    0x08007892   0x08007892   0x0000009e   Code   RO         3898    i.xQueueReceiveFromISR  queue.o
    0x08007930   0x08007930   0x00000074   Code   RO         4216    i.xTaskCheckForTimeOut  tasks.o
    0x080079a4   0x080079a4   0x0000005c   Code   RO         4217    i.xTaskCreate       tasks.o
    0x08007a00   0x08007a00   0x000000d4   Code   RO         4218    i.xTaskGenericNotify  tasks.o
    0x08007ad4   0x08007ad4   0x00000108   Code   RO         4219    i.xTaskGenericNotifyFromISR  tasks.o
    0x08007bdc   0x08007bdc   0x0000000c   Code   RO         4220    i.xTaskGetCurrentTaskHandle  tasks.o
    0x08007be8   0x08007be8   0x00000024   Code   RO         4221    i.xTaskGetSchedulerState  tasks.o
    0x08007c0c   0x08007c0c   0x0000000c   Code   RO         4222    i.xTaskGetTickCount  tasks.o
    0x08007c18   0x08007c18   0x0000013c   Code   RO         4224    i.xTaskIncrementTick  tasks.o
    0x08007d54   0x08007d54   0x00000090   Code   RO         4226    i.xTaskNotifyWait   tasks.o
    0x08007de4   0x08007de4   0x00000088   Code   RO         4227    i.xTaskPriorityDisinherit  tasks.o
    0x08007e6c   0x08007e6c   0x00000088   Code   RO         4229    i.xTaskRemoveFromEventList  tasks.o
    0x08007ef4   0x08007ef4   0x000000f0   Code   RO         4230    i.xTaskResumeAll    tasks.o
    0x08007fe4   0x08007fe4   0x0000008c   Code   RO         5069    x$fpl$fadd          fz_ps.l(faddsub.o)
    0x08008070   0x08008070   0x00000054   Code   RO         5082    x$fpl$fleqf         fz_ps.l(flef.o)
    0x080080c4   0x080080c4   0x000000b0   Code   RO         5084    x$fpl$fmul          fz_ps.l(fmul.o)
    0x08008174   0x08008174   0x00000058   Code   RO         5086    x$fpl$frleqf        fz_ps.l(frlef.o)
    0x080081cc   0x080081cc   0x00000018   Code   RO         5070    x$fpl$frsb          fz_ps.l(faddsub.o)
    0x080081e4   0x080081e4   0x000000d0   Code   RO         5071    x$fpl$fsub          fz_ps.l(faddsub.o)
    0x080082b4   0x080082b4   0x00000000   Code   RO         5175    x$fpl$usenofp       fz_ps.l(usenofp.o)
    0x080082b4   0x080082b4   0x0000008c   Data   RO          181    .constdata          main.o
    0x08008340   0x08008340   0x00000060   Data   RO         3721    .constdata          system_stm32g0xx.o
    0x080083a0   0x080083a0   0x00000040   Data   RO         5076    .constdata          fz_ps.l(fdiv.o)
    0x080083e0   0x080083e0   0x00000030   Data   RO         5177    .constdata          m_ps.l(cos_i.o)
    0x08008410   0x08008410   0x000000c8   Data   RO         5209    .constdata          m_ps.l(rred.o)
    0x080084d8   0x080084d8   0x00000028   Data   RO         5215    .constdata          m_ps.l(sin_i.o)
    0x08008500   0x08008500   0x00000080   Data   RO         5249    .constdata          fz_ps.l(ddiv.o)
    0x08008580   0x08008580   0x0000005f   Data   RO          182    .conststring        main.o
    0x080085df   0x080085df   0x00000001   PAD
    0x080085e0   0x080085e0   0x00000020   Data   RO         5363    Region$$Table       anon$$obj.o
    0x08008600   0x08008600   0x00000004   Data   RO          184    .init_array         main.o
    0x08008604   0x08008600   0x00000000   Data   RO         5050    .init_array         c_p.l(init_aeabi.o)


    Execution Region RW_IRAM1 (Exec base: 0x20000000, Load base: 0x08008604, Size: 0x00002280, Max: 0x00009000, ABSOLUTE)

    Exec Addr    Load Addr    Size         Type   Attr      Idx    E Section Name        Object

    0x20000000   0x08008604   0x0000003c   Data   RW          183    .data               main.o
    0x2000003c   0x08008640   0x0000000c   Data   RW         3466    .data               stm32g0xx_hal.o
    0x20000048   0x0800864c   0x00000004   Data   RW         3722    .data               system_stm32g0xx.o
    0x2000004c   0x08008650   0x0000003c   Data   RW         4233    .data               tasks.o
    0x20000088   0x0800868c   0x00000018   Data   RW         4879    .data               heap_4.o
    0x200000a0   0x080086a4   0x00000004   Data   RW         4931    .data               port.o
    0x200000a4        -       0x00000248   Zero   RW          180    .bss                main.o
    0x200002ec        -       0x00000040   Zero   RW          725    .bss                stm32g0xx_hal_timebase_tim.o
    0x2000032c        -       0x000000f0   Zero   RW         4232    .bss                tasks.o
    0x2000041c        -       0x00001800   Zero   RW         4878    .bss                heap_4.o
    0x20001c1c        -       0x00000060   Zero   RW         5268    .bss                c_p.l(libspace.o)
    0x20001c7c   0x080086a8   0x00000004   PAD
    0x20001c80        -       0x00000200   Zero   RW            2    HEAP                startup_stm32g071xx.o
    0x20001e80        -       0x00000400   Zero   RW            1    STACK               startup_stm32g071xx.o


==============================================================================

Image component sizes


      Code (inc. data)   RO Data    RW Data    ZI Data      Debug   Object Name

         0          0          0          0          0     473064   app_freertos.o
       844         12          0          0          0      16449   cmsis_os.o
         0          0          0          0          0       1472   event_groups.o
       640         60          0         24       6144       4587   heap_4.o
       150          0          0          0          0       3490   list.o
      2664        310        239         60        584     487837   main.o
       418         58          0          4          0       7440   port.o
      1376          0          0          0          0      10234   queue.o
        56         26        188          0       1536        656   startup_stm32g071xx.o
       124         24          0         12          0       3282   stm32g0xx_hal.o
       162         16          0          0          0      10028   stm32g0xx_hal_cortex.o
       768          8          0          0          0       4888   stm32g0xx_hal_dac.o
         2          0          0          0          0        999   stm32g0xx_hal_dac_ex.o
       564         24          0          0          0       3060   stm32g0xx_hal_dma.o
       492         16          0          0          0       2817   stm32g0xx_hal_gpio.o
       788         62          0          0          0       3878   stm32g0xx_hal_msp.o
        88         12          0          0          0        762   stm32g0xx_hal_pwr_ex.o
      2284        106          0          0          0      24418   stm32g0xx_hal_rcc.o
       756         14          0          0          0       1744   stm32g0xx_hal_rcc_ex.o
      3520        218          0          0          0      22431   stm32g0xx_hal_tim.o
       126          4          0          0          0       3040   stm32g0xx_hal_tim_ex.o
       140         18          0          0         64       1487   stm32g0xx_hal_timebase_tim.o
      4098         58          0          0          0       7785   stm32g0xx_hal_uart.o
       406         18          0          0          0       3641   stm32g0xx_hal_uart_ex.o
        94         32          0          0          0       9999   stm32g0xx_it.o
        16          6         96          4          0       1163   system_stm32g0xx.o
      2944        396          0         60        240      26149   tasks.o
       800         34          0          0          0       9717   wavegeneration.o

    ----------------------------------------------------------------------
     24358       1532        556        164       8568    1146517   Object Totals
         0          0         32          0          0          0   (incl. Generated)
        38          0          1          0          0          0   (incl. Padding)

    ----------------------------------------------------------------------

      Code (inc. data)   RO Data    RW Data    ZI Data      Debug   Library Member Name

         8          0          0          0          0         68   __main.o
       190          0          0          0          0         76   __printf_ss.o
         0          0          0          0          0          0   __rtentry.o
        12          0          0          0          0          0   __rtentry2.o
         6          0          0          0          0          0   __rtentry4.o
        60          8          0          0          0          0   __scatter.o
        26          0          0          0          0          0   __scatter_copy.o
        28          0          0          0          0          0   __scatter_zi.o
        48          6          0          0          0         88   _printf_char_common.o
        10          0          0          0          0          0   _printf_d.o
       108         18          0          0          0         76   _printf_dec.o
       176          0          0          0          0         84   _printf_intcommon.o
         2          0          0          0          0          0   _printf_percent.o
         4          0          0          0          0          0   _printf_percent_end.o
        10          0          0          0          0          0   _printf_u.o
        22          0          0          0          0         92   _rserrno.o
        10          0          0          0          0         60   _sputc.o
        18          0          0          0          0         68   aeabi_memset.o
       346          0          0          0          0         92   aeabi_sdiv.o
        16          0          0          0          0         68   exit.o
         6          0          0          0          0        136   heapauxi.o
         0          0          0          0          0          0   indicate_semi.o
        36         10          0          0          0         72   init_aeabi.o
         2          0          0          0          0          0   libinit.o
         6          0          0          0          0          0   libinit2.o
         2          0          0          0          0          0   libshutdown.o
         2          0          0          0          0          0   libshutdown2.o
         8          4          0          0         96         68   libspace.o
        48          0          0          0          0         72   llmul.o
       258          0          0          0          0         88   lludiv.o
        40          4          0          0          0         84   noretval__2sprintf.o
         8          4          0          0          0         68   rt_errno_addr_intlibspace.o
        64          0          0          0          0        108   rt_memclr.o
       186          0          0          0          0        144   rt_memcpy.o
         2          0          0          0          0          0   rtexit.o
        10          0          0          0          0          0   rtexit2.o
        40          0          0          0          0         60   rtudiv10.o
        76          6          0          0          0         72   strcpy.o
        68          6          0          0          0         72   strlen.o
        12          4          0          0          0         60   sys_exit.o
        62          0          0          0          0         80   sys_stackheap_outer.o
         2          0          0          0          0         68   use_no_semi.o
        46          0          0          0          0         60   cmpret.o
       124          4          0          0          0         72   d2f.o
       856         20          0          0          0        208   daddsub.o
      1096         26        128          0          0        112   ddiv.o
       108         10          0          0          0         72   dfixi.o
        72          4          0          0          0         68   dfixui.o
        88          0          0          0          0         92   dflti.o
       584         26          0          0          0         84   dmul.o
        96         12          0          0          0         72   dscalbn.o
        84          4          0          0          0         60   f2d.o
       372          8          0          0          0        240   faddsub.o
       100          4          0          0          0         68   fcmpin.o
       352         10         64          0          0         92   fdiv.o
        76          0          0          0          0         68   ffixi.o
        94          0          0          0          0         92   fflti.o
        84          4          0          0          0         76   flef.o
       176          4          0          0          0         80   fmul.o
        16          6          0          0          0         68   fnan2.o
       280          6          0          0          0         76   frem.o
        88          4          0          0          0         76   frlef.o
        94          0          0          0          0         68   retnan.o
         0          0          0          0          0          0   usenofp.o
       152         10          0          0          0        104   cos.o
       244         20         48          0          0         92   cos_i.o
        46          6          0          0          0        204   dunder.o
        96          0          0          0          0         72   fmodf.o
        44          4          0          0          0         60   fpclassify.o
        12          0          0          0          0         68   funder.o
       172          0          0          0          0         76   poly.o
       974         86        200          0          0        200   rred.o
       236         14         40          0          0        100   sin_i.o

    ----------------------------------------------------------------------
      8914        362        480          0        100       4904   Library Totals
        14          0          0          0          4          0   (incl. Padding)

    ----------------------------------------------------------------------

      Code (inc. data)   RO Data    RW Data    ZI Data      Debug   Library Name

      2038         70          0          0         96       2024   c_p.l
      4886        152        192          0          0       1904   fz_ps.l
      1976        140        288          0          0        976   m_ps.l

    ----------------------------------------------------------------------
      8914        362        480          0        100       4904   Library Totals

    ----------------------------------------------------------------------

==============================================================================


      Code (inc. data)   RO Data    RW Data    ZI Data      Debug   

     33272       1894       1036        164       8668    1140997   Grand Totals
     33272       1894       1036        164       8668    1140997   ELF Image Totals
     33272       1894       1036        164          0          0   ROM Totals

==============================================================================

    Total RO  Size (Code + RO Data)                34308 (  33.50kB)
    Total RW  Size (RW Data + ZI Data)              8832 (   8.63kB)
    Total ROM Size (Code + RO Data + RW Data)      34472 (  33.66kB)

==============================================================================

